Archive member included to satisfy reference by file (symbol)

LCD/libLCD.a(LCD_1in3.c.obj)  CMakeFiles/main.dir/main.c.obj (LCD_1IN3_Init)
Config/libConfig.a(DEV_Config.c.obj)
                              LCD/libLCD.a(LCD_1in3.c.obj) (DEV_Digital_Write)
Infrared/libInfrared.a(Infrared.c.obj)
                              CMakeFiles/main.dir/main.c.obj (SET_Infrared_PIN)
/usr/lib/gcc/arm-none-eabi/9.2.1/thumb/v6-m/nofp/libgcc.a(_dvmd_tls.o)
                              CMakeFiles/main.dir/home/dan/raspberry-pi-pico/pico/pico-sdk/src/rp2_common/pico_divider/divider.S.obj (__aeabi_idiv0)
/usr/lib/gcc/arm-none-eabi/9.2.1/../../../arm-none-eabi/lib/thumb/v6-m/nofp/libg.a(lib_a-atexit.o)
                              /usr/lib/gcc/arm-none-eabi/9.2.1/../../../arm-none-eabi/lib/thumb/v6-m/nofp/crt0.o (atexit)
/usr/lib/gcc/arm-none-eabi/9.2.1/../../../arm-none-eabi/lib/thumb/v6-m/nofp/libg.a(lib_a-calloc.o)
                              CMakeFiles/main.dir/home/dan/raspberry-pi-pico/pico/pico-sdk/src/rp2_common/pico_malloc/pico_malloc.c.obj (calloc)
/usr/lib/gcc/arm-none-eabi/9.2.1/../../../arm-none-eabi/lib/thumb/v6-m/nofp/libg.a(lib_a-callocr.o)
                              /usr/lib/gcc/arm-none-eabi/9.2.1/../../../arm-none-eabi/lib/thumb/v6-m/nofp/libg.a(lib_a-calloc.o) (_calloc_r)
/usr/lib/gcc/arm-none-eabi/9.2.1/../../../arm-none-eabi/lib/thumb/v6-m/nofp/libg.a(lib_a-fini.o)
                              /usr/lib/gcc/arm-none-eabi/9.2.1/../../../arm-none-eabi/lib/thumb/v6-m/nofp/crt0.o (__libc_fini_array)
/usr/lib/gcc/arm-none-eabi/9.2.1/../../../arm-none-eabi/lib/thumb/v6-m/nofp/libg.a(lib_a-impure.o)
                              /usr/lib/gcc/arm-none-eabi/9.2.1/../../../arm-none-eabi/lib/thumb/v6-m/nofp/libg.a(lib_a-calloc.o) (_impure_ptr)
/usr/lib/gcc/arm-none-eabi/9.2.1/../../../arm-none-eabi/lib/thumb/v6-m/nofp/libg.a(lib_a-init.o)
                              /usr/lib/gcc/arm-none-eabi/9.2.1/../../../arm-none-eabi/lib/thumb/v6-m/nofp/crt0.o (__libc_init_array)
/usr/lib/gcc/arm-none-eabi/9.2.1/../../../arm-none-eabi/lib/thumb/v6-m/nofp/libg.a(lib_a-malloc.o)
                              CMakeFiles/main.dir/home/dan/raspberry-pi-pico/pico/pico-sdk/src/rp2_common/pico_malloc/pico_malloc.c.obj (malloc)
/usr/lib/gcc/arm-none-eabi/9.2.1/../../../arm-none-eabi/lib/thumb/v6-m/nofp/libg.a(lib_a-mallocr.o)
                              /usr/lib/gcc/arm-none-eabi/9.2.1/../../../arm-none-eabi/lib/thumb/v6-m/nofp/libg.a(lib_a-callocr.o) (_malloc_r)
/usr/lib/gcc/arm-none-eabi/9.2.1/../../../arm-none-eabi/lib/thumb/v6-m/nofp/libg.a(lib_a-mlock.o)
                              /usr/lib/gcc/arm-none-eabi/9.2.1/../../../arm-none-eabi/lib/thumb/v6-m/nofp/libg.a(lib_a-mallocr.o) (__malloc_lock)
/usr/lib/gcc/arm-none-eabi/9.2.1/../../../arm-none-eabi/lib/thumb/v6-m/nofp/libg.a(lib_a-realloc.o)
                              CMakeFiles/main.dir/home/dan/raspberry-pi-pico/pico/pico-sdk/src/rp2_common/pico_malloc/pico_malloc.c.obj (realloc)
/usr/lib/gcc/arm-none-eabi/9.2.1/../../../arm-none-eabi/lib/thumb/v6-m/nofp/libg.a(lib_a-reallocr.o)
                              /usr/lib/gcc/arm-none-eabi/9.2.1/../../../arm-none-eabi/lib/thumb/v6-m/nofp/libg.a(lib_a-realloc.o) (_realloc_r)
/usr/lib/gcc/arm-none-eabi/9.2.1/../../../arm-none-eabi/lib/thumb/v6-m/nofp/libg.a(lib_a-sbrkr.o)
                              /usr/lib/gcc/arm-none-eabi/9.2.1/../../../arm-none-eabi/lib/thumb/v6-m/nofp/libg.a(lib_a-mallocr.o) (_sbrk_r)
/usr/lib/gcc/arm-none-eabi/9.2.1/../../../arm-none-eabi/lib/thumb/v6-m/nofp/libg.a(lib_a-strlen-stub.o)
                              CMakeFiles/main.dir/home/dan/raspberry-pi-pico/pico/pico-sdk/src/rp2_common/pico_stdio/stdio.c.obj (strlen)
/usr/lib/gcc/arm-none-eabi/9.2.1/../../../arm-none-eabi/lib/thumb/v6-m/nofp/libg.a(lib_a-__atexit.o)
                              /usr/lib/gcc/arm-none-eabi/9.2.1/../../../arm-none-eabi/lib/thumb/v6-m/nofp/libg.a(lib_a-atexit.o) (__register_exitproc)
/usr/lib/gcc/arm-none-eabi/9.2.1/../../../arm-none-eabi/lib/thumb/v6-m/nofp/libg.a(lib_a-freer.o)
                              /usr/lib/gcc/arm-none-eabi/9.2.1/../../../arm-none-eabi/lib/thumb/v6-m/nofp/libg.a(lib_a-malloc.o) (_free_r)
/usr/lib/gcc/arm-none-eabi/9.2.1/../../../arm-none-eabi/lib/thumb/v6-m/nofp/libg.a(lib_a-memmove.o)
                              /usr/lib/gcc/arm-none-eabi/9.2.1/../../../arm-none-eabi/lib/thumb/v6-m/nofp/libg.a(lib_a-reallocr.o) (memmove)
/usr/lib/gcc/arm-none-eabi/9.2.1/../../../arm-none-eabi/lib/thumb/v6-m/nofp/libg.a(lib_a-reent.o)
                              /usr/lib/gcc/arm-none-eabi/9.2.1/../../../arm-none-eabi/lib/thumb/v6-m/nofp/libg.a(lib_a-sbrkr.o) (errno)

Allocating common symbols
Common symbol       size              file

sf_table            0x100             CMakeFiles/main.dir/home/dan/raspberry-pi-pico/pico/pico-sdk/src/rp2_common/pico_float/float_init_rom.c.obj
[...]
Memory Configuration

Name             Origin             Length             Attributes
FLASH            0x0000000010000000 0x0000000000200000 xr
RAM              0x0000000020000000 0x0000000000040000 xrw
SCRATCH_X        0x0000000020040000 0x0000000000001000 xrw
SCRATCH_Y        0x0000000020041000 0x0000000000001000 xrw
*default*        0x0000000000000000 0xffffffffffffffff

Linker script and memory map

LOAD /usr/lib/gcc/arm-none-eabi/9.2.1/thumb/v6-m/nofp/crti.o
LOAD /usr/lib/gcc/arm-none-eabi/9.2.1/thumb/v6-m/nofp/crtbegin.o
LOAD /usr/lib/gcc/arm-none-eabi/9.2.1/../../../arm-none-eabi/lib/thumb/v6-m/nofp/crt0.o

.flash_begin    0x0000000010000000        0x0
                0x0000000010000000                __flash_binary_start = .

.boot2          0x0000000010000000      0x100
                0x0000000010000000                __boot2_start__ = .
 *(.boot2)
 .boot2         0x0000000010000000      0x100 /tmp/cceytg1p.o
                0x0000000010000100                __boot2_end__ = .
                0x0000000000000001                ASSERT (((__boot2_end__ - __boot2_start__) == 0x100), ERROR: Pico second stage bootloader must be 256 bytes in size)

.text           0x0000000010000100     0x9318
                0x0000000010000100                __logical_binary_start = .
 *(.vectors)
 .vectors       0x0000000010000100       0xd4 CMakeFiles/main.dir/home/dan/raspberry-pi-pico/pico/pico-sdk/src/rp2_common/pico_standard_link/crt0.S.obj
                0x0000000010000100                __vectors
                0x0000000010000100                __VECTOR_TABLE
                0x00000000100001c0                isr_invalid
                0x00000000100001c0                __default_isrs_start
                0x00000000100001c2                isr_nmi
                0x00000000100001c4                isr_hardfault
                0x00000000100001c6                isr_svcall
                0x00000000100001c8                isr_pendsv
                0x00000000100001ca                isr_systick
                0x00000000100001cc                isr_irq30
                0x00000000100001cc                __unhandled_user_irq
                0x00000000100001cc                isr_irq13
                0x00000000100001cc                isr_irq27
                0x00000000100001cc                isr_irq31
                0x00000000100001cc                isr_irq5
                0x00000000100001cc                isr_irq11
                0x00000000100001cc                isr_irq23
                0x00000000100001cc                isr_irq18
                0x00000000100001cc                isr_irq28
                0x00000000100001cc                isr_irq19
                0x00000000100001cc                isr_irq0
                0x00000000100001cc                isr_irq6
                0x00000000100001cc                isr_irq22
                0x00000000100001cc                isr_irq17
                0x00000000100001cc                isr_irq14
                0x00000000100001cc                isr_irq2
                0x00000000100001cc                isr_irq10
                0x00000000100001cc                isr_irq8
                0x00000000100001cc                isr_irq24
                0x00000000100001cc                isr_irq1
                0x00000000100001cc                isr_irq7
                0x00000000100001cc                isr_irq21
                0x00000000100001cc                isr_irq20
                0x00000000100001cc                isr_irq15
                0x00000000100001cc                isr_irq25
                0x00000000100001cc                isr_irq4
                0x00000000100001cc                isr_irq16
                0x00000000100001cc                isr_irq29
                0x00000000100001cc                isr_irq26
                0x00000000100001cc                __default_isrs_end
                0x00000000100001cc                isr_irq3
                0x00000000100001cc                isr_irq12
                0x00000000100001cc                isr_irq9
                0x00000000100001d2                unhandled_user_irq_num_in_r0
 *(.binary_info_header)
 .binary_info_header
                0x00000000100001d4       0x14 CMakeFiles/main.dir/home/dan/raspberry-pi-pico/pico/pico-sdk/src/rp2_common/pico_standard_link/crt0.S.obj
                0x00000000100001e8                __binary_info_header_end = .
 *(.reset)
 .reset         0x00000000100001e8       0xa0 CMakeFiles/main.dir/home/dan/raspberry-pi-pico/pico/pico-sdk/src/rp2_common/pico_standard_link/crt0.S.obj
                0x00000000100001e8                _entry_point
 .reset         0x0000000010000288       0x30 CMakeFiles/main.dir/home/dan/raspberry-pi-pico/pico/pico-sdk/src/rp2_common/pico_standard_link/binary_info.c.obj
 *(.init)
 .init          0x00000000100002b8        0x4 /usr/lib/gcc/arm-none-eabi/9.2.1/thumb/v6-m/nofp/crti.o
                0x00000000100002b8                _init
 *(EXCLUDE_FILE(*libm.a: *libc.a:*lib_a-mem*.o *libgcc.a:) .text*)
 .text          0x00000000100002bc       0x98 /usr/lib/gcc/arm-none-eabi/9.2.1/thumb/v6-m/nofp/crtbegin.o
 .text.getTextureColour
                0x0000000010000354       0x3a CMakeFiles/main.dir/main.c.obj
                0x0000000010000354                getTextureColour
 *fill*         0x000000001000038e        0x2 
 .text.getCell  0x0000000010000390       0x5c CMakeFiles/main.dir/main.c.obj
                0x0000000010000390                getCell
 .text.cellFloor
                0x00000000100003ec       0x18 CMakeFiles/main.dir/main.c.obj
                0x00000000100003ec                cellFloor
 .text.cellCeil
                0x0000000010000404       0x18 CMakeFiles/main.dir/main.c.obj
                0x0000000010000404                cellCeil
 .text.raycast  0x000000001000041c      0x5a8 CMakeFiles/main.dir/main.c.obj
                0x000000001000041c                raycast
 .text.makeColour
                0x00000000100009c4       0x34 CMakeFiles/main.dir/main.c.obj
                0x00000000100009c4                makeColour
 .text.drawBackground
                0x00000000100009f8       0x3c CMakeFiles/main.dir/main.c.obj
                0x00000000100009f8                drawBackground
 .text.main     0x0000000010000a34      0x4c4 CMakeFiles/main.dir/main.c.obj
                0x0000000010000a34                main
 .text.gpio_set_function
                0x0000000010000ef8       0x30 CMakeFiles/main.dir/home/dan/raspberry-pi-pico/pico/pico-sdk/src/rp2_common/hardware_gpio/gpio.c.obj
                0x0000000010000ef8                gpio_set_function
 .text.gpio_set_pulls
                0x0000000010000f28       0x34 CMakeFiles/main.dir/home/dan/raspberry-pi-pico/pico/pico-sdk/src/rp2_common/hardware_gpio/gpio.c.obj
                0x0000000010000f28                gpio_set_pulls
 .text.gpio_init
                0x0000000010000f5c       0x16 CMakeFiles/main.dir/home/dan/raspberry-pi-pico/pico/pico-sdk/src/rp2_common/hardware_gpio/gpio.c.obj
                0x0000000010000f5c                gpio_init
 *fill*         0x0000000010000f72        0x2 
 .text.running_on_fpga
                0x0000000010000f74       0x14 CMakeFiles/main.dir/home/dan/raspberry-pi-pico/pico/pico-sdk/src/rp2_common/pico_platform/platform.c.obj
                0x0000000010000f74                running_on_fpga
 .text.hw_claim_lock
                0x0000000010000f88       0x18 CMakeFiles/main.dir/home/dan/raspberry-pi-pico/pico/pico-sdk/src/rp2_common/hardware_claim/claim.c.obj
                0x0000000010000f88                hw_claim_lock
 .text.hw_claim_unlock
                0x0000000010000fa0       0x14 CMakeFiles/main.dir/home/dan/raspberry-pi-pico/pico/pico-sdk/src/rp2_common/hardware_claim/claim.c.obj
                0x0000000010000fa0                hw_claim_unlock
 .text.hw_claim_or_assert
                0x0000000010000fb4       0x32 CMakeFiles/main.dir/home/dan/raspberry-pi-pico/pico/pico-sdk/src/rp2_common/hardware_claim/claim.c.obj
                0x0000000010000fb4                hw_claim_or_assert
 .text.hw_claim_unused_from_range
                0x0000000010000fe6       0x50 CMakeFiles/main.dir/home/dan/raspberry-pi-pico/pico/pico-sdk/src/rp2_common/hardware_claim/claim.c.obj
                0x0000000010000fe6                hw_claim_unused_from_range
 *fill*         0x0000000010001036        0x2 
 .text.spin_locks_reset
                0x0000000010001038       0x20 CMakeFiles/main.dir/home/dan/raspberry-pi-pico/pico/pico-sdk/src/rp2_common/hardware_sync/sync.c.obj
                0x0000000010001038                spin_locks_reset
 .text.next_striped_spin_lock_num
                0x0000000010001058       0x1c CMakeFiles/main.dir/home/dan/raspberry-pi-pico/pico/pico-sdk/src/rp2_common/hardware_sync/sync.c.obj
                0x0000000010001058                next_striped_spin_lock_num
 .text.spin_lock_claim_unused
                0x0000000010001074       0x20 CMakeFiles/main.dir/home/dan/raspberry-pi-pico/pico/pico-sdk/src/rp2_common/hardware_sync/sync.c.obj
                0x0000000010001074                spin_lock_claim_unused
 .text.set_raw_irq_handler_and_unlock
                0x0000000010001094       0x28 CMakeFiles/main.dir/home/dan/raspberry-pi-pico/pico/pico-sdk/src/rp2_common/hardware_irq/irq.c.obj
 .text.make_branch
                0x00000000100010bc       0x48 CMakeFiles/main.dir/home/dan/raspberry-pi-pico/pico/pico-sdk/src/rp2_common/hardware_irq/irq.c.obj
 .text.insert_branch_and_link
                0x0000000010001104       0x40 CMakeFiles/main.dir/home/dan/raspberry-pi-pico/pico/pico-sdk/src/rp2_common/hardware_irq/irq.c.obj
 .text.irq_is_enabled
                0x0000000010001144       0x18 CMakeFiles/main.dir/home/dan/raspberry-pi-pico/pico/pico-sdk/src/rp2_common/hardware_irq/irq.c.obj
                0x0000000010001144                irq_is_enabled
 .text.irq_set_mask_enabled
                0x000000001000115c       0x20 CMakeFiles/main.dir/home/dan/raspberry-pi-pico/pico/pico-sdk/src/rp2_common/hardware_irq/irq.c.obj
                0x000000001000115c                irq_set_mask_enabled
 .text.irq_set_enabled
                0x000000001000117c        0xe CMakeFiles/main.dir/home/dan/raspberry-pi-pico/pico/pico-sdk/src/rp2_common/hardware_irq/irq.c.obj
                0x000000001000117c                irq_set_enabled
 *fill*         0x000000001000118a        0x2 
 .text.irq_set_pending
                0x000000001000118c       0x10 CMakeFiles/main.dir/home/dan/raspberry-pi-pico/pico/pico-sdk/src/rp2_common/hardware_irq/irq.c.obj
                0x000000001000118c                irq_set_pending
 .text.irq_get_vtable_handler
                0x000000001000119c       0x10 CMakeFiles/main.dir/home/dan/raspberry-pi-pico/pico/pico-sdk/src/rp2_common/hardware_irq/irq.c.obj
                0x000000001000119c                irq_get_vtable_handler
 .text.irq_has_shared_handler
                0x00000000100011ac       0x24 CMakeFiles/main.dir/home/dan/raspberry-pi-pico/pico/pico-sdk/src/rp2_common/hardware_irq/irq.c.obj
                0x00000000100011ac                irq_has_shared_handler
 .text.irq_set_exclusive_handler
                0x00000000100011d0       0x54 CMakeFiles/main.dir/home/dan/raspberry-pi-pico/pico/pico-sdk/src/rp2_common/hardware_irq/irq.c.obj
                0x00000000100011d0                irq_set_exclusive_handler
 .text.irq_add_shared_handler
                0x0000000010001224      0x234 CMakeFiles/main.dir/home/dan/raspberry-pi-pico/pico/pico-sdk/src/rp2_common/hardware_irq/irq.c.obj
                0x0000000010001224                irq_add_shared_handler
 .text.irq_remove_handler
                0x0000000010001458      0x1ac CMakeFiles/main.dir/home/dan/raspberry-pi-pico/pico/pico-sdk/src/rp2_common/hardware_irq/irq.c.obj
                0x0000000010001458                irq_remove_handler
 .text.irq_add_tail_to_free_list
                0x0000000010001604       0xf0 CMakeFiles/main.dir/home/dan/raspberry-pi-pico/pico/pico-sdk/src/rp2_common/hardware_irq/irq.c.obj
                0x0000000010001604                irq_add_tail_to_free_list
 .text.irq_init_priorities
                0x00000000100016f4       0x1c CMakeFiles/main.dir/home/dan/raspberry-pi-pico/pico/pico-sdk/src/rp2_common/hardware_irq/irq.c.obj
                0x00000000100016f4                irq_init_priorities
 .text.user_irq_claim_unused
                0x0000000010001710       0x28 CMakeFiles/main.dir/home/dan/raspberry-pi-pico/pico/pico-sdk/src/rp2_common/hardware_irq/irq.c.obj
                0x0000000010001710                user_irq_claim_unused
 .text.lock_init
                0x0000000010001738       0x10 CMakeFiles/main.dir/home/dan/raspberry-pi-pico/pico/pico-sdk/src/common/pico_sync/lock_core.c.obj
                0x0000000010001738                lock_init
 .text.mutex_init
                0x0000000010001748       0x1a CMakeFiles/main.dir/home/dan/raspberry-pi-pico/pico/pico-sdk/src/common/pico_sync/mutex.c.obj
                0x0000000010001748                mutex_init
 .text.recursive_mutex_init
                0x0000000010001762       0x1e CMakeFiles/main.dir/home/dan/raspberry-pi-pico/pico/pico-sdk/src/common/pico_sync/mutex.c.obj
                0x0000000010001762                recursive_mutex_init
 .text.critical_section_init_with_lock_num
                0x0000000010001780       0x14 CMakeFiles/main.dir/home/dan/raspberry-pi-pico/pico/pico-sdk/src/common/pico_sync/critical_section.c.obj
                0x0000000010001780                critical_section_init_with_lock_num
 .text.critical_section_init
                0x0000000010001794       0x14 CMakeFiles/main.dir/home/dan/raspberry-pi-pico/pico/pico-sdk/src/common/pico_sync/critical_section.c.obj
                0x0000000010001794                critical_section_init
 .text.alarm_pool_post_alloc_init
                0x00000000100017a8       0x40 CMakeFiles/main.dir/home/dan/raspberry-pi-pico/pico/pico-sdk/src/common/pico_time/time.c.obj
 .text.sleep_until_callback
                0x00000000100017e8       0x30 CMakeFiles/main.dir/home/dan/raspberry-pi-pico/pico/pico-sdk/src/common/pico_time/time.c.obj
 .text.timer_pool_entry_comparator
                0x0000000010001818       0x7c CMakeFiles/main.dir/home/dan/raspberry-pi-pico/pico/pico-sdk/src/common/pico_time/time.c.obj
                0x0000000010001818                timer_pool_entry_comparator
 .text.ph_add_child_node
                0x0000000010001894       0xa4 CMakeFiles/main.dir/home/dan/raspberry-pi-pico/pico/pico-sdk/src/common/pico_time/time.c.obj
 .text.ph_merge_nodes
                0x0000000010001938       0x3e CMakeFiles/main.dir/home/dan/raspberry-pi-pico/pico/pico-sdk/src/common/pico_time/time.c.obj
 *fill*         0x0000000010001976        0x2 
 .text.add_alarm_under_lock
                0x0000000010001978      0x174 CMakeFiles/main.dir/home/dan/raspberry-pi-pico/pico/pico-sdk/src/common/pico_time/time.c.obj
 .text.alarm_pool_alarm_callback
                0x0000000010001aec      0x33c CMakeFiles/main.dir/home/dan/raspberry-pi-pico/pico/pico-sdk/src/common/pico_time/time.c.obj
 .text.alarm_pool_init_default
                0x0000000010001e28       0x40 CMakeFiles/main.dir/home/dan/raspberry-pi-pico/pico/pico-sdk/src/common/pico_time/time.c.obj
                0x0000000010001e28                alarm_pool_init_default
 .text.alarm_pool_get_default
                0x0000000010001e68       0x2c CMakeFiles/main.dir/home/dan/raspberry-pi-pico/pico/pico-sdk/src/common/pico_time/time.c.obj
                0x0000000010001e68                alarm_pool_get_default
 .text.alarm_pool_add_alarm_at
                0x0000000010001e94      0x168 CMakeFiles/main.dir/home/dan/raspberry-pi-pico/pico/pico-sdk/src/common/pico_time/time.c.obj
                0x0000000010001e94                alarm_pool_add_alarm_at
 .text.alarm_pool_cancel_alarm
                0x0000000010001ffc       0xf8 CMakeFiles/main.dir/home/dan/raspberry-pi-pico/pico/pico-sdk/src/common/pico_time/time.c.obj
                0x0000000010001ffc                alarm_pool_cancel_alarm
 .text.alarm_pool_core_num
                0x00000000100020f4        0x4 CMakeFiles/main.dir/home/dan/raspberry-pi-pico/pico/pico-sdk/src/common/pico_time/time.c.obj
                0x00000000100020f4                alarm_pool_core_num
 .text.sleep_until
                0x00000000100020f8       0xfc CMakeFiles/main.dir/home/dan/raspberry-pi-pico/pico/pico-sdk/src/common/pico_time/time.c.obj
                0x00000000100020f8                sleep_until
 .text.sleep_us
                0x00000000100021f4       0x58 CMakeFiles/main.dir/home/dan/raspberry-pi-pico/pico/pico-sdk/src/common/pico_time/time.c.obj
                0x00000000100021f4                sleep_us
 .text.sleep_ms
                0x000000001000224c       0x14 CMakeFiles/main.dir/home/dan/raspberry-pi-pico/pico/pico-sdk/src/common/pico_time/time.c.obj
                0x000000001000224c                sleep_ms
 .text.best_effort_wfe_or_timeout
                0x0000000010002260       0xac CMakeFiles/main.dir/home/dan/raspberry-pi-pico/pico/pico-sdk/src/common/pico_time/time.c.obj
                0x0000000010002260                best_effort_wfe_or_timeout
 .text.hardware_alarm_irq_handler
                0x000000001000230c       0x90 CMakeFiles/main.dir/home/dan/raspberry-pi-pico/pico/pico-sdk/src/rp2_common/hardware_timer/timer.c.obj
 .text.hardware_alarm_claim
                0x000000001000239c       0x18 CMakeFiles/main.dir/home/dan/raspberry-pi-pico/pico/pico-sdk/src/rp2_common/hardware_timer/timer.c.obj
                0x000000001000239c                hardware_alarm_claim
 .text.time_us_64
                0x00000000100023b4       0x18 CMakeFiles/main.dir/home/dan/raspberry-pi-pico/pico/pico-sdk/src/rp2_common/hardware_timer/timer.c.obj
                0x00000000100023b4                time_us_64
 .text.busy_wait_until
                0x00000000100023cc       0x24 CMakeFiles/main.dir/home/dan/raspberry-pi-pico/pico/pico-sdk/src/rp2_common/hardware_timer/timer.c.obj
                0x00000000100023cc                busy_wait_until
 .text.hardware_alarm_set_callback
                0x00000000100023f0       0x90 CMakeFiles/main.dir/home/dan/raspberry-pi-pico/pico/pico-sdk/src/rp2_common/hardware_timer/timer.c.obj
                0x00000000100023f0                hardware_alarm_set_callback
 .text.hardware_alarm_set_target
                0x0000000010002480       0xe8 CMakeFiles/main.dir/home/dan/raspberry-pi-pico/pico/pico-sdk/src/rp2_common/hardware_timer/timer.c.obj
                0x0000000010002480                hardware_alarm_set_target
 .text.hardware_alarm_cancel
                0x0000000010002568       0x40 CMakeFiles/main.dir/home/dan/raspberry-pi-pico/pico/pico-sdk/src/rp2_common/hardware_timer/timer.c.obj
                0x0000000010002568                hardware_alarm_cancel
 .text.ph_add_child_node
                0x00000000100025a8       0xa4 CMakeFiles/main.dir/home/dan/raspberry-pi-pico/pico/pico-sdk/src/common/pico_util/pheap.c.obj
 .text.ph_merge_nodes
                0x000000001000264c       0x3e CMakeFiles/main.dir/home/dan/raspberry-pi-pico/pico/pico-sdk/src/common/pico_util/pheap.c.obj
 *fill*         0x000000001000268a        0x2 
 .text.ph_clear
                0x000000001000268c       0x70 CMakeFiles/main.dir/home/dan/raspberry-pi-pico/pico/pico-sdk/src/common/pico_util/pheap.c.obj
                0x000000001000268c                ph_clear
 .text.ph_post_alloc_init
                0x00000000100026fc        0xe CMakeFiles/main.dir/home/dan/raspberry-pi-pico/pico/pico-sdk/src/common/pico_util/pheap.c.obj
                0x00000000100026fc                ph_post_alloc_init
 *fill*         0x000000001000270a        0x2 
 .text.ph_merge_two_pass
                0x000000001000270c       0xa8 CMakeFiles/main.dir/home/dan/raspberry-pi-pico/pico/pico-sdk/src/common/pico_util/pheap.c.obj
                0x000000001000270c                ph_merge_two_pass
 .text.ph_remove_any_head
                0x00000000100027b4      0x128 CMakeFiles/main.dir/home/dan/raspberry-pi-pico/pico/pico-sdk/src/common/pico_util/pheap.c.obj
 .text.ph_remove_head
                0x00000000100028dc       0x14 CMakeFiles/main.dir/home/dan/raspberry-pi-pico/pico/pico-sdk/src/common/pico_util/pheap.c.obj
                0x00000000100028dc                ph_remove_head
 .text.ph_remove_and_free_node
                0x00000000100028f0       0xf8 CMakeFiles/main.dir/home/dan/raspberry-pi-pico/pico/pico-sdk/src/common/pico_util/pheap.c.obj
                0x00000000100028f0                ph_remove_and_free_node
 .text.clock_configure
                0x00000000100029e8      0x108 CMakeFiles/main.dir/home/dan/raspberry-pi-pico/pico/pico-sdk/src/rp2_common/hardware_clocks/clocks.c.obj
                0x00000000100029e8                clock_configure
 .text.clocks_init
                0x0000000010002af0      0x100 CMakeFiles/main.dir/home/dan/raspberry-pi-pico/pico/pico-sdk/src/rp2_common/hardware_clocks/clocks.c.obj
                0x0000000010002af0                clocks_init
 .text.clock_get_hz
                0x0000000010002bf0        0xc CMakeFiles/main.dir/home/dan/raspberry-pi-pico/pico/pico-sdk/src/rp2_common/hardware_clocks/clocks.c.obj
                0x0000000010002bf0                clock_get_hz
 .text.pll_init
                0x0000000010002bfc      0x124 CMakeFiles/main.dir/home/dan/raspberry-pi-pico/pico/pico-sdk/src/rp2_common/hardware_pll/pll.c.obj
                0x0000000010002bfc                pll_init
 .text.watchdog_start_tick
                0x0000000010002d20       0x10 CMakeFiles/main.dir/home/dan/raspberry-pi-pico/pico/pico-sdk/src/rp2_common/hardware_watchdog/watchdog.c.obj
                0x0000000010002d20                watchdog_start_tick
 .text.watchdog_update
                0x0000000010002d30       0x14 CMakeFiles/main.dir/home/dan/raspberry-pi-pico/pico/pico-sdk/src/rp2_common/hardware_watchdog/watchdog.c.obj
                0x0000000010002d30                watchdog_update
 .text._watchdog_enable
                0x0000000010002d44       0x78 CMakeFiles/main.dir/home/dan/raspberry-pi-pico/pico/pico-sdk/src/rp2_common/hardware_watchdog/watchdog.c.obj
                0x0000000010002d44                _watchdog_enable
 .text.watchdog_reboot
                0x0000000010002dbc       0x48 CMakeFiles/main.dir/home/dan/raspberry-pi-pico/pico/pico-sdk/src/rp2_common/hardware_watchdog/watchdog.c.obj
                0x0000000010002dbc                watchdog_reboot
 .text.xosc_init
                0x0000000010002e04       0x28 CMakeFiles/main.dir/home/dan/raspberry-pi-pico/pico/pico-sdk/src/rp2_common/hardware_xosc/xosc.c.obj
                0x0000000010002e04                xosc_init
 .text._exit    0x0000000010002e2c        0x4 CMakeFiles/main.dir/home/dan/raspberry-pi-pico/pico/pico-sdk/src/rp2_common/pico_runtime/runtime.c.obj
                0x0000000010002e2c                _exit
 .text._sbrk    0x0000000010002e30       0x38 CMakeFiles/main.dir/home/dan/raspberry-pi-pico/pico/pico-sdk/src/rp2_common/pico_runtime/runtime.c.obj
                0x0000000010002e30                _sbrk
 .text.exit     0x0000000010002e68        0x6 CMakeFiles/main.dir/home/dan/raspberry-pi-pico/pico/pico-sdk/src/rp2_common/pico_runtime/runtime.c.obj
                0x0000000010002e68                exit
 *fill*         0x0000000010002e6e        0x2 
 .text.__assert_func
                0x0000000010002e70       0x3c CMakeFiles/main.dir/home/dan/raspberry-pi-pico/pico/pico-sdk/src/rp2_common/pico_runtime/runtime.c.obj
                0x0000000010002e70                __assert_func
 .text.runtime_init
                0x0000000010002eac       0xf8 CMakeFiles/main.dir/home/dan/raspberry-pi-pico/pico/pico-sdk/src/rp2_common/pico_runtime/runtime.c.obj
                0x0000000010002eac                runtime_init
 .text.panic    0x0000000010002fa4       0x30 CMakeFiles/main.dir/home/dan/raspberry-pi-pico/pico/pico-sdk/src/rp2_common/pico_runtime/runtime.c.obj
                0x0000000010002fa4                panic
 .text._out_null
                0x0000000010002fd4        0x2 CMakeFiles/main.dir/home/dan/raspberry-pi-pico/pico/pico-sdk/src/rp2_common/pico_printf/printf.c.obj
 .text._out_fct
                0x0000000010002fd6        0xe CMakeFiles/main.dir/home/dan/raspberry-pi-pico/pico/pico-sdk/src/rp2_common/pico_printf/printf.c.obj
 .text._atoi    0x0000000010002fe4       0x24 CMakeFiles/main.dir/home/dan/raspberry-pi-pico/pico/pico-sdk/src/rp2_common/pico_printf/printf.c.obj
 .text._out_rev
                0x0000000010003008       0xae CMakeFiles/main.dir/home/dan/raspberry-pi-pico/pico/pico-sdk/src/rp2_common/pico_printf/printf.c.obj
 .text._ntoa_format
                0x00000000100030b6      0x110 CMakeFiles/main.dir/home/dan/raspberry-pi-pico/pico/pico-sdk/src/rp2_common/pico_printf/printf.c.obj
 .text._ntoa_long
                0x00000000100031c6       0xbc CMakeFiles/main.dir/home/dan/raspberry-pi-pico/pico/pico-sdk/src/rp2_common/pico_printf/printf.c.obj
 .text._ntoa_long_long
                0x0000000010003282       0xe2 CMakeFiles/main.dir/home/dan/raspberry-pi-pico/pico/pico-sdk/src/rp2_common/pico_printf/printf.c.obj
 .text._etoa    0x0000000010003364      0x40c CMakeFiles/main.dir/home/dan/raspberry-pi-pico/pico/pico-sdk/src/rp2_common/pico_printf/printf.c.obj
 .text._ftoa    0x0000000010003770      0x354 CMakeFiles/main.dir/home/dan/raspberry-pi-pico/pico/pico-sdk/src/rp2_common/pico_printf/printf.c.obj
 .text._vsnprintf
                0x0000000010003ac4      0x628 CMakeFiles/main.dir/home/dan/raspberry-pi-pico/pico/pico-sdk/src/rp2_common/pico_printf/printf.c.obj
 .text.vfctprintf
                0x00000000100040ec       0x20 CMakeFiles/main.dir/home/dan/raspberry-pi-pico/pico/pico-sdk/src/rp2_common/pico_printf/printf.c.obj
                0x00000000100040ec                vfctprintf
 .text          0x000000001000410c       0x10 CMakeFiles/main.dir/home/dan/raspberry-pi-pico/pico/pico-sdk/src/rp2_common/pico_bit_ops/bit_ops_aeabi.S.obj
 .text.rom_func_lookup
                0x000000001000411c       0x10 CMakeFiles/main.dir/home/dan/raspberry-pi-pico/pico/pico-sdk/src/rp2_common/pico_bootrom/bootrom.c.obj
                0x000000001000411c                rom_func_lookup
 .text.rom_data_lookup
                0x000000001000412c       0x10 CMakeFiles/main.dir/home/dan/raspberry-pi-pico/pico/pico-sdk/src/rp2_common/pico_bootrom/bootrom.c.obj
                0x000000001000412c                rom_data_lookup
 .text.rom_funcs_lookup
                0x000000001000413c       0x36 CMakeFiles/main.dir/home/dan/raspberry-pi-pico/pico/pico-sdk/src/rp2_common/pico_bootrom/bootrom.c.obj
                0x000000001000413c                rom_funcs_lookup
 *fill*         0x0000000010004172        0x2 
 .text.__wrap___aeabi_idiv
                0x0000000010004174       0x50 CMakeFiles/main.dir/home/dan/raspberry-pi-pico/pico/pico-sdk/src/rp2_common/pico_divider/divider.S.obj
                0x0000000010004174                __wrap___aeabi_idivmod
                0x0000000010004174                divmod_s32s32
                0x0000000010004174                div_s32s32
                0x0000000010004174                __wrap___aeabi_idiv
                0x000000001000417c                divmod_s32s32_unsafe
                0x00000000100041a8                divmod_s32s32_savestate
 .text.__wrap___aeabi_uidiv
                0x00000000100041c4       0x4c CMakeFiles/main.dir/home/dan/raspberry-pi-pico/pico/pico-sdk/src/rp2_common/pico_divider/divider.S.obj
                0x00000000100041c4                __wrap___aeabi_uidiv
                0x00000000100041c4                __wrap___aeabi_uidivmod
                0x00000000100041c4                div_u32u32
                0x00000000100041c4                divmod_u32u32
                0x00000000100041cc                divmod_u32u32_unsafe
                0x00000000100041f4                divmod_u32u32_savestate
 .text.__wrap___aeabi_ldiv
                0x0000000010004210      0x424 CMakeFiles/main.dir/home/dan/raspberry-pi-pico/pico/pico-sdk/src/rp2_common/pico_divider/divider.S.obj
                0x0000000010004210                div_s64s64
                0x0000000010004210                divmod_s64s64
                0x0000000010004210                __wrap___aeabi_ldivmod
                0x0000000010004240                div_u64u64
                0x0000000010004240                divmod_u64u64
                0x0000000010004240                __wrap___aeabi_uldivmod
                0x0000000010004250                divmod_u64u64_savestate
                0x0000000010004270                divmod_s64s64_unsafe
                0x00000000100042f8                divmod_u64u64_unsafe
 .text.push_r8_r11
                0x0000000010004634        0xc CMakeFiles/main.dir/home/dan/raspberry-pi-pico/pico/pico-sdk/src/rp2_common/pico_double/double_aeabi.S.obj
                0x0000000010004634                push_r8_r11
 .text.pop_r8_r11
                0x0000000010004640        0xc CMakeFiles/main.dir/home/dan/raspberry-pi-pico/pico/pico-sdk/src/rp2_common/pico_double/double_aeabi.S.obj
                0x0000000010004640                pop_r8_r11
 .text.__wrap___aeabi_darithmetic
                0x000000001000464c       0x80 CMakeFiles/main.dir/home/dan/raspberry-pi-pico/pico/pico-sdk/src/rp2_common/pico_double/double_aeabi.S.obj
                0x000000001000464c                __wrap___aeabi_drsub
                0x0000000010004652                __wrap___aeabi_dsub
                0x0000000010004664                __wrap___aeabi_dadd
                0x0000000010004676                __wrap___aeabi_ddiv
                0x00000000100046b2                __wrap___aeabi_dmul
 .text.__wrap___aeabi_cdcmple
                0x00000000100046cc       0x6c CMakeFiles/main.dir/home/dan/raspberry-pi-pico/pico/pico-sdk/src/rp2_common/pico_double/double_aeabi.S.obj
                0x00000000100046cc                __wrap___aeabi_cdrcmple
                0x00000000100046dc                __wrap___aeabi_cdcmple
                0x00000000100046dc                __wrap___aeabi_cdcmpeq
 .text.__wrap___aeabi_dcmplt
                0x0000000010004738        0xc CMakeFiles/main.dir/home/dan/raspberry-pi-pico/pico/pico-sdk/src/rp2_common/pico_double/double_aeabi.S.obj
                0x0000000010004738                __wrap___aeabi_dcmplt
 .text.__wrap___aeabi_dcmple
                0x0000000010004744       0x10 CMakeFiles/main.dir/home/dan/raspberry-pi-pico/pico/pico-sdk/src/rp2_common/pico_double/double_aeabi.S.obj
                0x0000000010004744                __wrap___aeabi_dcmple
 .text.__wrap___aeabi_dcmpge
                0x0000000010004754       0x10 CMakeFiles/main.dir/home/dan/raspberry-pi-pico/pico/pico-sdk/src/rp2_common/pico_double/double_aeabi.S.obj
                0x0000000010004754                __wrap___aeabi_dcmpge
 .text.__wrap___aeabi_dcmpgt
                0x0000000010004764        0xa CMakeFiles/main.dir/home/dan/raspberry-pi-pico/pico/pico-sdk/src/rp2_common/pico_double/double_aeabi.S.obj
                0x0000000010004764                __wrap___aeabi_dcmpgt
 .text.__wrap___aeabi_dcmpun
                0x000000001000476e       0x1c CMakeFiles/main.dir/home/dan/raspberry-pi-pico/pico/pico-sdk/src/rp2_common/pico_double/double_aeabi.S.obj
                0x000000001000476e                __wrap___aeabi_dcmpun
 *fill*         0x000000001000478a        0x2 
 .text.__wrap___aeabi_i2d
                0x000000001000478c       0x38 CMakeFiles/main.dir/home/dan/raspberry-pi-pico/pico/pico-sdk/src/rp2_common/pico_double/double_aeabi.S.obj
                0x000000001000478c                __wrap___aeabi_ui2d
                0x0000000010004794                __wrap___aeabi_i2d
 .text.__wrap___aeabi_d2iz
                0x00000000100047c4       0x48 CMakeFiles/main.dir/home/dan/raspberry-pi-pico/pico/pico-sdk/src/rp2_common/pico_double/double_aeabi.S.obj
                0x00000000100047c4                __wrap___aeabi_d2iz
                0x00000000100047c4                double2int_z
 .text.__wrap___aeabi_d2uiz
                0x000000001000480c       0x18 CMakeFiles/main.dir/home/dan/raspberry-pi-pico/pico/pico-sdk/src/rp2_common/pico_double/double_aeabi.S.obj
                0x000000001000480c                double2uint
                0x000000001000480c                __wrap___aeabi_d2uiz
 .text.fix642double
                0x0000000010004824       0x18 CMakeFiles/main.dir/home/dan/raspberry-pi-pico/pico/pico-sdk/src/rp2_common/pico_double/double_aeabi.S.obj
                0x0000000010004824                fix642double
 .text.__wrap___aeabi_d2f
                0x000000001000483c       0x18 CMakeFiles/main.dir/home/dan/raspberry-pi-pico/pico/pico-sdk/src/rp2_common/pico_double/double_aeabi.S.obj
                0x000000001000483c                __wrap___aeabi_d2f
 .text.__wrap_sincostan_remainder
                0x0000000010004854       0x14 CMakeFiles/main.dir/home/dan/raspberry-pi-pico/pico/pico-sdk/src/rp2_common/pico_double/double_aeabi.S.obj
                0x0000000010004854                sincostan_remainder
 .text.__wrap_cos
                0x0000000010004868       0x2c CMakeFiles/main.dir/home/dan/raspberry-pi-pico/pico/pico-sdk/src/rp2_common/pico_double/double_aeabi.S.obj
                0x0000000010004868                __wrap_cos
 .text.__wrap_sin
                0x0000000010004894       0x2c CMakeFiles/main.dir/home/dan/raspberry-pi-pico/pico/pico-sdk/src/rp2_common/pico_double/double_aeabi.S.obj
                0x0000000010004894                __wrap_sin
 .text.__wrap_tan
                0x00000000100048c0       0x5c CMakeFiles/main.dir/home/dan/raspberry-pi-pico/pico/pico-sdk/src/rp2_common/pico_double/double_aeabi.S.obj
                0x00000000100048c0                __wrap_tan
 .text.__wrap_atan2
                0x000000001000491c       0x18 CMakeFiles/main.dir/home/dan/raspberry-pi-pico/pico/pico-sdk/src/rp2_common/pico_double/double_aeabi.S.obj
                0x000000001000491c                __wrap_atan2
 .text.__aeabi_double_init
                0x0000000010004934       0xc8 CMakeFiles/main.dir/home/dan/raspberry-pi-pico/pico/pico-sdk/src/rp2_common/pico_double/double_init_rom.c.obj
                0x0000000010004934                __aeabi_double_init
 .text.drem_0   0x00000000100049fc      0x130 CMakeFiles/main.dir/home/dan/raspberry-pi-pico/pico/pico-sdk/src/rp2_common/pico_double/double_math.c.obj
 .text.__wrap_atan
                0x0000000010004b2c       0x40 CMakeFiles/main.dir/home/dan/raspberry-pi-pico/pico/pico-sdk/src/rp2_common/pico_double/double_math.c.obj
                0x0000000010004b2c                __wrap_atan
 .text.__wrap_remquo
                0x0000000010004b6c      0x16c CMakeFiles/main.dir/home/dan/raspberry-pi-pico/pico/pico-sdk/src/rp2_common/pico_double/double_math.c.obj
                0x0000000010004b6c                __wrap_remquo
 .text.__wrap_remainder
                0x0000000010004cd8       0x10 CMakeFiles/main.dir/home/dan/raspberry-pi-pico/pico/pico-sdk/src/rp2_common/pico_double/double_math.c.obj
                0x0000000010004cd8                __wrap_remainder
 .text.double_table_shim_on_use_helper
                0x0000000010004ce8       0x34 CMakeFiles/main.dir/home/dan/raspberry-pi-pico/pico/pico-sdk/src/rp2_common/pico_double/double_v1_rom_shim.S.obj
                0x0000000010004ce8                double_table_shim_on_use_helper
 .text.__wrap___aeabi_dsub
                0x0000000010004d1c       0x10 CMakeFiles/main.dir/home/dan/raspberry-pi-pico/pico/pico-sdk/src/rp2_common/pico_double/double_v1_rom_shim.S.obj
                0x0000000010004d1c                drsub_shim
                0x0000000010004d22                dsub_shim
 .text.dadd_shim
                0x0000000010004d2c      0x15c CMakeFiles/main.dir/home/dan/raspberry-pi-pico/pico/pico-sdk/src/rp2_common/pico_double/double_v1_rom_shim.S.obj
                0x0000000010004d2c                dadd_shim
 .text.dmul_shim
                0x0000000010004e88      0x15c CMakeFiles/main.dir/home/dan/raspberry-pi-pico/pico/pico-sdk/src/rp2_common/pico_double/double_v1_rom_shim.S.obj
                0x0000000010004e88                dmul_shim
 .text.ddiv_shim
                0x0000000010004fe4      0x1b0 CMakeFiles/main.dir/home/dan/raspberry-pi-pico/pico/pico-sdk/src/rp2_common/pico_double/double_v1_rom_shim.S.obj
                0x0000000010004fe4                ddiv_shim
 .text.dcordic_vec_step
                0x0000000010005194        0xe CMakeFiles/main.dir/home/dan/raspberry-pi-pico/pico/pico-sdk/src/rp2_common/pico_double/double_v1_rom_shim.S.obj
                0x0000000010005194                dcordic_vec_step
 .text.dcordic_rot_step
                0x00000000100051a2       0x76 CMakeFiles/main.dir/home/dan/raspberry-pi-pico/pico/pico-sdk/src/rp2_common/pico_double/double_v1_rom_shim.S.obj
                0x00000000100051a2                dcordic_rot_step
 .text.double2uint_shim
                0x0000000010005218        0xe CMakeFiles/main.dir/home/dan/raspberry-pi-pico/pico/pico-sdk/src/rp2_common/pico_double/double_v1_rom_shim.S.obj
                0x0000000010005218                double2uint_shim
                0x000000001000521a                double2ufix_shim
 .text.double2int64_shim
                0x0000000010005226       0x1a CMakeFiles/main.dir/home/dan/raspberry-pi-pico/pico/pico-sdk/src/rp2_common/pico_double/double_v1_rom_shim.S.obj
                0x0000000010005226                double2int64_shim
                0x0000000010005228                double2fix64_shim
 .text.double2uint64_shim
                0x0000000010005240       0x70 CMakeFiles/main.dir/home/dan/raspberry-pi-pico/pico/pico-sdk/src/rp2_common/pico_double/double_v1_rom_shim.S.obj
                0x0000000010005240                double2uint64_shim
                0x0000000010005242                double2ufix64_shim
                0x0000000010005262                d2fix_a
 .text.double2float_shim
                0x00000000100052b0       0x5c CMakeFiles/main.dir/home/dan/raspberry-pi-pico/pico/pico-sdk/src/rp2_common/pico_double/double_v1_rom_shim.S.obj
                0x00000000100052b0                double2float_shim
 .text.x2double_shims
                0x000000001000530c       0x90 CMakeFiles/main.dir/home/dan/raspberry-pi-pico/pico/pico-sdk/src/rp2_common/pico_double/double_v1_rom_shim.S.obj
                0x000000001000530c                uint2double_shim
                0x000000001000530e                ufix2double_shim
                0x0000000010005314                int2double_shim
                0x0000000010005316                fix2double_shim
                0x000000001000531c                uint642double_shim
                0x000000001000531e                ufix642double_shim
                0x0000000010005324                int642double_shim
                0x0000000010005326                fix642double_shim
 .text.dunpacks
                0x000000001000539c       0x3c CMakeFiles/main.dir/home/dan/raspberry-pi-pico/pico/pico-sdk/src/rp2_common/pico_double/double_v1_rom_shim.S.obj
                0x000000001000539c                dunpacks
 .text.dreduce  0x00000000100053d8       0x82 CMakeFiles/main.dir/home/dan/raspberry-pi-pico/pico/pico-sdk/src/rp2_common/pico_double/double_v1_rom_shim.S.obj
                0x00000000100053d8                dreduce
 .text.dtan_shim
                0x000000001000545a       0x20 CMakeFiles/main.dir/home/dan/raspberry-pi-pico/pico/pico-sdk/src/rp2_common/pico_double/double_v1_rom_shim.S.obj
                0x000000001000545a                dtan_shim
 .text.dcos_shim
                0x000000001000547a       0x10 CMakeFiles/main.dir/home/dan/raspberry-pi-pico/pico/pico-sdk/src/rp2_common/pico_double/double_v1_rom_shim.S.obj
                0x000000001000547a                dcos_shim
 .text.dsin_shim
                0x000000001000548a       0x14 CMakeFiles/main.dir/home/dan/raspberry-pi-pico/pico/pico-sdk/src/rp2_common/pico_double/double_v1_rom_shim.S.obj
                0x000000001000548a                dsin_shim
 *fill*         0x000000001000549e        0x2 
 .text.dtrig_guts
                0x00000000100054a0      0x2ec CMakeFiles/main.dir/home/dan/raspberry-pi-pico/pico/pico-sdk/src/rp2_common/pico_double/double_v1_rom_shim.S.obj
                0x0000000010005578                datan2_shim
 .text.__aeabi_lmul
                0x000000001000578c       0x32 CMakeFiles/main.dir/home/dan/raspberry-pi-pico/pico/pico-sdk/src/rp2_common/pico_int64_ops/pico_int64_ops_aeabi.S.obj
                0x000000001000578c                __wrap___aeabi_lmul
 *fill*         0x00000000100057be        0x2 
 .text.__wrap___aeabi_farithmetic
                0x00000000100057c0       0x58 CMakeFiles/main.dir/home/dan/raspberry-pi-pico/pico/pico-sdk/src/rp2_common/pico_float/float_aeabi.S.obj
                0x00000000100057c0                __wrap___aeabi_frsub
                0x00000000100057c6                __wrap___aeabi_fsub
                0x00000000100057d0                __wrap___aeabi_fadd
                0x00000000100057da                __wrap___aeabi_fdiv
                0x0000000010005806                __wrap___aeabi_fmul
 .text.__wrap___aeabi_i2f
                0x0000000010005818       0x44 CMakeFiles/main.dir/home/dan/raspberry-pi-pico/pico/pico-sdk/src/rp2_common/pico_float/float_aeabi.S.obj
                0x0000000010005818                __wrap___aeabi_i2f
 .text.__wrap___aeabi_f2iz
                0x000000001000585c       0x4e CMakeFiles/main.dir/home/dan/raspberry-pi-pico/pico/pico-sdk/src/rp2_common/pico_float/float_aeabi.S.obj
                0x000000001000585c                __wrap___aeabi_f2iz
                0x000000001000585c                float2int_z
 *fill*         0x00000000100058aa        0x2 
 .text.float2int
                0x00000000100058ac       0x14 CMakeFiles/main.dir/home/dan/raspberry-pi-pico/pico/pico-sdk/src/rp2_common/pico_float/float_aeabi.S.obj
                0x00000000100058ac                float2int
 .text.__wrap___aeabi_f2uiz
                0x00000000100058c0       0x10 CMakeFiles/main.dir/home/dan/raspberry-pi-pico/pico/pico-sdk/src/rp2_common/pico_float/float_aeabi.S.obj
                0x00000000100058c0                __wrap___aeabi_f2uiz
 .text.__aeabi_float_init
                0x00000000100058d0       0xfc CMakeFiles/main.dir/home/dan/raspberry-pi-pico/pico/pico-sdk/src/rp2_common/pico_float/float_init_rom.c.obj
                0x00000000100058d0                __aeabi_float_init
 .text.float_table_shim_on_use_helper
                0x00000000100059cc       0x34 CMakeFiles/main.dir/home/dan/raspberry-pi-pico/pico/pico-sdk/src/rp2_common/pico_float/float_v1_rom_shim.S.obj
                0x00000000100059cc                float_table_shim_on_use_helper
 .text.float232_shims
                0x0000000010005a00       0x18 CMakeFiles/main.dir/home/dan/raspberry-pi-pico/pico/pico-sdk/src/rp2_common/pico_float/float_v1_rom_shim.S.obj
                0x0000000010005a00                float2int_shim
                0x0000000010005a02                float2fix_shim
 .text.__wrap_malloc
                0x0000000010005a18       0x24 CMakeFiles/main.dir/home/dan/raspberry-pi-pico/pico/pico-sdk/src/rp2_common/pico_malloc/pico_malloc.c.obj
                0x0000000010005a18                __wrap_malloc
 .text          0x0000000010005a3c       0x10 CMakeFiles/main.dir/home/dan/raspberry-pi-pico/pico/pico-sdk/src/rp2_common/pico_mem_ops/mem_ops_aeabi.S.obj
                0x0000000010005a3c                __aeabi_mem_init
 .text.memset   0x0000000010005a4c        0xc CMakeFiles/main.dir/home/dan/raspberry-pi-pico/pico/pico-sdk/src/rp2_common/pico_mem_ops/mem_ops_aeabi.S.obj
                0x0000000010005a4c                __wrap_memset
 .text.memcpy   0x0000000010005a58        0xc CMakeFiles/main.dir/home/dan/raspberry-pi-pico/pico/pico-sdk/src/rp2_common/pico_mem_ops/mem_ops_aeabi.S.obj
                0x0000000010005a58                __wrap___aeabi_memcpy
                0x0000000010005a58                __wrap_memcpy
 .text.stdio_out_chars_no_crlf
                0x0000000010005a64        0xe CMakeFiles/main.dir/home/dan/raspberry-pi-pico/pico/pico-sdk/src/rp2_common/pico_stdio/stdio.c.obj
 *fill*         0x0000000010005a72        0x2 
 .text.stdio_out_chars_crlf
                0x0000000010005a74       0x80 CMakeFiles/main.dir/home/dan/raspberry-pi-pico/pico/pico-sdk/src/rp2_common/pico_stdio/stdio.c.obj
 .text.stdio_stack_buffer_flush
                0x0000000010005af4       0x44 CMakeFiles/main.dir/home/dan/raspberry-pi-pico/pico/pico-sdk/src/rp2_common/pico_stdio/stdio.c.obj
 .text.stdio_buffered_printer
                0x0000000010005b38       0x20 CMakeFiles/main.dir/home/dan/raspberry-pi-pico/pico/pico-sdk/src/rp2_common/pico_stdio/stdio.c.obj
 .text.stdout_serialize_begin
                0x0000000010005b58       0x5c CMakeFiles/main.dir/home/dan/raspberry-pi-pico/pico/pico-sdk/src/rp2_common/pico_stdio/stdio.c.obj
                0x0000000010005b58                stdout_serialize_begin
 .text.stdout_serialize_end
                0x0000000010005bb4       0x10 CMakeFiles/main.dir/home/dan/raspberry-pi-pico/pico/pico-sdk/src/rp2_common/pico_stdio/stdio.c.obj
                0x0000000010005bb4                stdout_serialize_end
 .text.stdio_put_string
                0x0000000010005bc4       0x98 CMakeFiles/main.dir/home/dan/raspberry-pi-pico/pico/pico-sdk/src/rp2_common/pico_stdio/stdio.c.obj
 .text.stdio_set_driver_enabled
                0x0000000010005c5c       0x2c CMakeFiles/main.dir/home/dan/raspberry-pi-pico/pico/pico-sdk/src/rp2_common/pico_stdio/stdio.c.obj
                0x0000000010005c5c                stdio_set_driver_enabled
 .text.stdio_flush
                0x0000000010005c88       0x20 CMakeFiles/main.dir/home/dan/raspberry-pi-pico/pico/pico-sdk/src/rp2_common/pico_stdio/stdio.c.obj
                0x0000000010005c88                stdio_flush
 .text.__wrap_puts
                0x0000000010005ca8       0x1e CMakeFiles/main.dir/home/dan/raspberry-pi-pico/pico/pico-sdk/src/rp2_common/pico_stdio/stdio.c.obj
                0x0000000010005ca8                __wrap_puts
 *fill*         0x0000000010005cc6        0x2 
 .text.__wrap_vprintf
                0x0000000010005cc8       0x40 CMakeFiles/main.dir/home/dan/raspberry-pi-pico/pico/pico-sdk/src/rp2_common/pico_stdio/stdio.c.obj
                0x0000000010005cc8                __wrap_vprintf
 .text.__wrap_printf
                0x0000000010005d08       0x18 CMakeFiles/main.dir/home/dan/raspberry-pi-pico/pico/pico-sdk/src/rp2_common/pico_stdio/stdio.c.obj
                0x0000000010005d08                __wrap_printf
 .text.stdio_init_all
                0x0000000010005d20        0x8 CMakeFiles/main.dir/home/dan/raspberry-pi-pico/pico/pico-sdk/src/rp2_common/pico_stdio/stdio.c.obj
                0x0000000010005d20                stdio_init_all
 .text.resetd_init
                0x0000000010005d28        0x2 CMakeFiles/main.dir/home/dan/raspberry-pi-pico/pico/pico-sdk/src/rp2_common/pico_stdio_usb/reset_interface.c.obj
 *fill*         0x0000000010005d2a        0x2 
 .text.resetd_reset
                0x0000000010005d2c        0xc CMakeFiles/main.dir/home/dan/raspberry-pi-pico/pico/pico-sdk/src/rp2_common/pico_stdio_usb/reset_interface.c.obj
 .text.resetd_open
                0x0000000010005d38       0x34 CMakeFiles/main.dir/home/dan/raspberry-pi-pico/pico/pico-sdk/src/rp2_common/pico_stdio_usb/reset_interface.c.obj
 .text.resetd_xfer_cb
                0x0000000010005d6c        0x4 CMakeFiles/main.dir/home/dan/raspberry-pi-pico/pico/pico-sdk/src/rp2_common/pico_stdio_usb/reset_interface.c.obj
 .text.resetd_control_xfer_cb
                0x0000000010005d70       0x6c CMakeFiles/main.dir/home/dan/raspberry-pi-pico/pico/pico-sdk/src/rp2_common/pico_stdio_usb/reset_interface.c.obj
 .text.usbd_app_driver_get_cb
                0x0000000010005ddc        0xc CMakeFiles/main.dir/home/dan/raspberry-pi-pico/pico/pico-sdk/src/rp2_common/pico_stdio_usb/reset_interface.c.obj
                0x0000000010005ddc                usbd_app_driver_get_cb
 .text.tud_cdc_line_coding_cb
                0x0000000010005de8       0x34 CMakeFiles/main.dir/home/dan/raspberry-pi-pico/pico/pico-sdk/src/rp2_common/pico_stdio_usb/reset_interface.c.obj
                0x0000000010005de8                tud_cdc_line_coding_cb
 .text.stdio_usb_set_chars_available_callback
                0x0000000010005e1c       0x14 CMakeFiles/main.dir/home/dan/raspberry-pi-pico/pico/pico-sdk/src/rp2_common/pico_stdio_usb/stdio_usb.c.obj
                0x0000000010005e1c                stdio_usb_set_chars_available_callback
 .text.usb_irq  0x0000000010005e30       0x10 CMakeFiles/main.dir/home/dan/raspberry-pi-pico/pico/pico-sdk/src/rp2_common/pico_stdio_usb/stdio_usb.c.obj
 .text.timer_task
                0x0000000010005e40       0x58 CMakeFiles/main.dir/home/dan/raspberry-pi-pico/pico/pico-sdk/src/rp2_common/pico_stdio_usb/stdio_usb.c.obj
 .text.low_priority_worker_irq
                0x0000000010005e98       0xd8 CMakeFiles/main.dir/home/dan/raspberry-pi-pico/pico/pico-sdk/src/rp2_common/pico_stdio_usb/stdio_usb.c.obj
 .text.tud_cdc_rx_cb
                0x0000000010005f70       0x20 CMakeFiles/main.dir/home/dan/raspberry-pi-pico/pico/pico-sdk/src/rp2_common/pico_stdio_usb/stdio_usb.c.obj
                0x0000000010005f70                tud_cdc_rx_cb
 .text.stdio_usb_init
                0x0000000010005f90      0x11c CMakeFiles/main.dir/home/dan/raspberry-pi-pico/pico/pico-sdk/src/rp2_common/pico_stdio_usb/stdio_usb.c.obj
                0x0000000010005f90                stdio_usb_init
 .text.stdio_usb_connected
                0x00000000100060ac        0xa CMakeFiles/main.dir/home/dan/raspberry-pi-pico/pico/pico-sdk/src/rp2_common/pico_stdio_usb/stdio_usb.c.obj
                0x00000000100060ac                stdio_usb_connected
 *fill*         0x00000000100060b6        0x2 
 .text.stdio_usb_in_chars
                0x00000000100060b8       0xc4 CMakeFiles/main.dir/home/dan/raspberry-pi-pico/pico/pico-sdk/src/rp2_common/pico_stdio_usb/stdio_usb.c.obj
                0x00000000100060b8                stdio_usb_in_chars
 .text.stdio_usb_out_chars
                0x000000001000617c      0x114 CMakeFiles/main.dir/home/dan/raspberry-pi-pico/pico/pico-sdk/src/rp2_common/pico_stdio_usb/stdio_usb.c.obj
 .text.tud_descriptor_device_cb
                0x0000000010006290        0x8 CMakeFiles/main.dir/home/dan/raspberry-pi-pico/pico/pico-sdk/src/rp2_common/pico_stdio_usb/stdio_usb_descriptors.c.obj
                0x0000000010006290                tud_descriptor_device_cb
 .text.tud_descriptor_configuration_cb
                0x0000000010006298        0x8 CMakeFiles/main.dir/home/dan/raspberry-pi-pico/pico/pico-sdk/src/rp2_common/pico_stdio_usb/stdio_usb_descriptors.c.obj
                0x0000000010006298                tud_descriptor_configuration_cb
 .text.tud_descriptor_string_cb
                0x00000000100062a0       0x6c CMakeFiles/main.dir/home/dan/raspberry-pi-pico/pico/pico-sdk/src/rp2_common/pico_stdio_usb/stdio_usb_descriptors.c.obj
                0x00000000100062a0                tud_descriptor_string_cb
 .text._retrieve_unique_id_on_boot
                0x000000001000630c       0x10 CMakeFiles/main.dir/home/dan/raspberry-pi-pico/pico/pico-sdk/src/rp2_common/pico_unique_id/unique_id.c.obj
 .text.pico_get_unique_board_id_string
                0x000000001000631c       0x60 CMakeFiles/main.dir/home/dan/raspberry-pi-pico/pico/pico-sdk/src/rp2_common/pico_unique_id/unique_id.c.obj
                0x000000001000631c                pico_get_unique_board_id_string
 .text.flash_get_unique_id
                0x000000001000637c       0x46 CMakeFiles/main.dir/home/dan/raspberry-pi-pico/pico/pico-sdk/src/rp2_common/hardware_flash/flash.c.obj
                0x000000001000637c                flash_get_unique_id
 *fill*         0x00000000100063c2        0x2 
 .text.hw_endpoint_get_by_addr
                0x00000000100063c4       0x18 CMakeFiles/main.dir/home/dan/raspberry-pi-pico/pico/pico-sdk/lib/tinyusb/src/portable/raspberrypi/rp2040/dcd_rp2040.c.obj
 .text._hw_endpoint_alloc
                0x00000000100063dc       0x70 CMakeFiles/main.dir/home/dan/raspberry-pi-pico/pico/pico-sdk/lib/tinyusb/src/portable/raspberrypi/rp2040/dcd_rp2040.c.obj
 .text.hw_endpoint_init
                0x000000001000644c       0x88 CMakeFiles/main.dir/home/dan/raspberry-pi-pico/pico/pico-sdk/lib/tinyusb/src/portable/raspberrypi/rp2040/dcd_rp2040.c.obj
 .text.hw_endpoint_xfer
                0x00000000100064d4       0x14 CMakeFiles/main.dir/home/dan/raspberry-pi-pico/pico/pico-sdk/lib/tinyusb/src/portable/raspberrypi/rp2040/dcd_rp2040.c.obj
 .text.dcd_int_enable
                0x00000000100064e8       0x2c CMakeFiles/main.dir/home/dan/raspberry-pi-pico/pico/pico-sdk/lib/tinyusb/src/portable/raspberrypi/rp2040/dcd_rp2040.c.obj
                0x00000000100064e8                dcd_int_enable
 .text.dcd_set_address
                0x0000000010006514       0x2c CMakeFiles/main.dir/home/dan/raspberry-pi-pico/pico/pico-sdk/lib/tinyusb/src/portable/raspberrypi/rp2040/dcd_rp2040.c.obj
                0x0000000010006514                dcd_set_address
 .text.dcd_connect
                0x0000000010006540       0x10 CMakeFiles/main.dir/home/dan/raspberry-pi-pico/pico/pico-sdk/lib/tinyusb/src/portable/raspberrypi/rp2040/dcd_rp2040.c.obj
                0x0000000010006540                dcd_connect
 .text.dcd_init
                0x0000000010006550       0x80 CMakeFiles/main.dir/home/dan/raspberry-pi-pico/pico/pico-sdk/lib/tinyusb/src/portable/raspberrypi/rp2040/dcd_rp2040.c.obj
                0x0000000010006550                dcd_init
 .text.dcd_edpt0_status_complete
                0x00000000100065d0       0x1c CMakeFiles/main.dir/home/dan/raspberry-pi-pico/pico/pico-sdk/lib/tinyusb/src/portable/raspberrypi/rp2040/dcd_rp2040.c.obj
                0x00000000100065d0                dcd_edpt0_status_complete
 .text.dcd_edpt_open
                0x00000000100065ec       0x40 CMakeFiles/main.dir/home/dan/raspberry-pi-pico/pico/pico-sdk/lib/tinyusb/src/portable/raspberrypi/rp2040/dcd_rp2040.c.obj
                0x00000000100065ec                dcd_edpt_open
 .text.dcd_edpt_close_all
                0x000000001000662c        0x8 CMakeFiles/main.dir/home/dan/raspberry-pi-pico/pico/pico-sdk/lib/tinyusb/src/portable/raspberrypi/rp2040/dcd_rp2040.c.obj
                0x000000001000662c                dcd_edpt_close_all
 .text.dcd_edpt_xfer
                0x0000000010006634       0x34 CMakeFiles/main.dir/home/dan/raspberry-pi-pico/pico/pico-sdk/lib/tinyusb/src/portable/raspberrypi/rp2040/dcd_rp2040.c.obj
                0x0000000010006634                dcd_edpt_xfer
 .text.dcd_edpt_stall
                0x0000000010006668       0x2c CMakeFiles/main.dir/home/dan/raspberry-pi-pico/pico/pico-sdk/lib/tinyusb/src/portable/raspberrypi/rp2040/dcd_rp2040.c.obj
                0x0000000010006668                dcd_edpt_stall
 .text.dcd_edpt_clear_stall
                0x0000000010006694       0x20 CMakeFiles/main.dir/home/dan/raspberry-pi-pico/pico/pico-sdk/lib/tinyusb/src/portable/raspberrypi/rp2040/dcd_rp2040.c.obj
                0x0000000010006694                dcd_edpt_clear_stall
 .text.rp2040_usb_init
                0x00000000100066b4       0x4c CMakeFiles/main.dir/home/dan/raspberry-pi-pico/pico/pico-sdk/lib/tinyusb/src/portable/raspberrypi/rp2040/rp2040_usb.c.obj
                0x00000000100066b4                rp2040_usb_init
 .text.hw_endpoint_xfer_start
                0x0000000010006700       0x50 CMakeFiles/main.dir/home/dan/raspberry-pi-pico/pico/pico-sdk/lib/tinyusb/src/portable/raspberrypi/rp2040/rp2040_usb.c.obj
                0x0000000010006700                hw_endpoint_xfer_start
 .text.configuration_reset
                0x0000000010006750       0x84 CMakeFiles/main.dir/home/dan/raspberry-pi-pico/pico/pico-sdk/lib/tinyusb/src/device/usbd.c.obj
 .text.usbd_reset
                0x00000000100067d4        0xc CMakeFiles/main.dir/home/dan/raspberry-pi-pico/pico/pico-sdk/lib/tinyusb/src/device/usbd.c.obj
 .text.invoke_class_control
                0x00000000100067e0       0x1a CMakeFiles/main.dir/home/dan/raspberry-pi-pico/pico/pico-sdk/lib/tinyusb/src/device/usbd.c.obj
 *fill*         0x00000000100067fa        0x2 
 .text.process_set_config
                0x00000000100067fc      0x174 CMakeFiles/main.dir/home/dan/raspberry-pi-pico/pico/pico-sdk/lib/tinyusb/src/device/usbd.c.obj
 .text.process_get_descriptor
                0x0000000010006970       0xdc CMakeFiles/main.dir/home/dan/raspberry-pi-pico/pico/pico-sdk/lib/tinyusb/src/device/usbd.c.obj
 .text.tud_mounted
                0x0000000010006a4c       0x10 CMakeFiles/main.dir/home/dan/raspberry-pi-pico/pico/pico-sdk/lib/tinyusb/src/device/usbd.c.obj
                0x0000000010006a4c                tud_mounted
 .text.tud_suspended
                0x0000000010006a5c       0x10 CMakeFiles/main.dir/home/dan/raspberry-pi-pico/pico/pico-sdk/lib/tinyusb/src/device/usbd.c.obj
                0x0000000010006a5c                tud_suspended
 .text.tud_inited
                0x0000000010006a6c       0x14 CMakeFiles/main.dir/home/dan/raspberry-pi-pico/pico/pico-sdk/lib/tinyusb/src/device/usbd.c.obj
                0x0000000010006a6c                tud_inited
 .text.tud_init
                0x0000000010006a80       0xcc CMakeFiles/main.dir/home/dan/raspberry-pi-pico/pico/pico-sdk/lib/tinyusb/src/device/usbd.c.obj
                0x0000000010006a80                tud_init
 .text.usbd_defer_func
                0x0000000010006b4c       0x1e CMakeFiles/main.dir/home/dan/raspberry-pi-pico/pico/pico-sdk/lib/tinyusb/src/device/usbd.c.obj
                0x0000000010006b4c                usbd_defer_func
 *fill*         0x0000000010006b6a        0x2 
 .text.usbd_edpt_open
                0x0000000010006b6c       0x34 CMakeFiles/main.dir/home/dan/raspberry-pi-pico/pico/pico-sdk/lib/tinyusb/src/device/usbd.c.obj
                0x0000000010006b6c                usbd_edpt_open
 .text.usbd_open_edpt_pair
                0x0000000010006ba0       0x62 CMakeFiles/main.dir/home/dan/raspberry-pi-pico/pico/pico-sdk/lib/tinyusb/src/device/usbd.c.obj
                0x0000000010006ba0                usbd_open_edpt_pair
 *fill*         0x0000000010006c02        0x2 
 .text.usbd_edpt_claim
                0x0000000010006c04       0x28 CMakeFiles/main.dir/home/dan/raspberry-pi-pico/pico/pico-sdk/lib/tinyusb/src/device/usbd.c.obj
                0x0000000010006c04                usbd_edpt_claim
 .text.usbd_edpt_release
                0x0000000010006c2c       0x28 CMakeFiles/main.dir/home/dan/raspberry-pi-pico/pico/pico-sdk/lib/tinyusb/src/device/usbd.c.obj
                0x0000000010006c2c                usbd_edpt_release
 .text.usbd_edpt_xfer
                0x0000000010006c54       0x78 CMakeFiles/main.dir/home/dan/raspberry-pi-pico/pico/pico-sdk/lib/tinyusb/src/device/usbd.c.obj
                0x0000000010006c54                usbd_edpt_xfer
 .text.usbd_edpt_stall
                0x0000000010006ccc       0x48 CMakeFiles/main.dir/home/dan/raspberry-pi-pico/pico/pico-sdk/lib/tinyusb/src/device/usbd.c.obj
                0x0000000010006ccc                usbd_edpt_stall
 .text.usbd_edpt_clear_stall
                0x0000000010006d14       0x48 CMakeFiles/main.dir/home/dan/raspberry-pi-pico/pico/pico-sdk/lib/tinyusb/src/device/usbd.c.obj
                0x0000000010006d14                usbd_edpt_clear_stall
 .text.usbd_edpt_stalled
                0x0000000010006d5c       0x1c CMakeFiles/main.dir/home/dan/raspberry-pi-pico/pico/pico-sdk/lib/tinyusb/src/device/usbd.c.obj
                0x0000000010006d5c                usbd_edpt_stalled
 .text.process_control_request
                0x0000000010006d78      0x37c CMakeFiles/main.dir/home/dan/raspberry-pi-pico/pico/pico-sdk/lib/tinyusb/src/device/usbd.c.obj
 .text.tud_task_ext
                0x00000000100070f4      0x1b4 CMakeFiles/main.dir/home/dan/raspberry-pi-pico/pico/pico-sdk/lib/tinyusb/src/device/usbd.c.obj
                0x00000000100070f4                tud_task_ext
 .text._data_stage_xact
                0x00000000100072a8       0x58 CMakeFiles/main.dir/home/dan/raspberry-pi-pico/pico/pico-sdk/lib/tinyusb/src/device/usbd_control.c.obj
 .text.tud_control_status
                0x0000000010007300       0x38 CMakeFiles/main.dir/home/dan/raspberry-pi-pico/pico/pico-sdk/lib/tinyusb/src/device/usbd_control.c.obj
                0x0000000010007300                tud_control_status
 .text.tud_control_xfer
                0x0000000010007338       0x74 CMakeFiles/main.dir/home/dan/raspberry-pi-pico/pico/pico-sdk/lib/tinyusb/src/device/usbd_control.c.obj
                0x0000000010007338                tud_control_xfer
 .text.usbd_control_reset
                0x00000000100073ac       0x14 CMakeFiles/main.dir/home/dan/raspberry-pi-pico/pico/pico-sdk/lib/tinyusb/src/device/usbd_control.c.obj
                0x00000000100073ac                usbd_control_reset
 .text.usbd_control_set_complete_callback
                0x00000000100073c0        0xc CMakeFiles/main.dir/home/dan/raspberry-pi-pico/pico/pico-sdk/lib/tinyusb/src/device/usbd_control.c.obj
                0x00000000100073c0                usbd_control_set_complete_callback
 .text.usbd_control_set_request
                0x00000000100073cc       0x1c CMakeFiles/main.dir/home/dan/raspberry-pi-pico/pico/pico-sdk/lib/tinyusb/src/device/usbd_control.c.obj
                0x00000000100073cc                usbd_control_set_request
 .text.usbd_control_xfer_cb
                0x00000000100073e8       0xcc CMakeFiles/main.dir/home/dan/raspberry-pi-pico/pico/pico-sdk/lib/tinyusb/src/device/usbd_control.c.obj
                0x00000000100073e8                usbd_control_xfer_cb
 .text._prep_out_transaction
                0x00000000100074b4       0x4a CMakeFiles/main.dir/home/dan/raspberry-pi-pico/pico/pico-sdk/lib/tinyusb/src/class/cdc/cdc_device.c.obj
 *fill*         0x00000000100074fe        0x2 
 .text.tud_cdc_n_connected
                0x0000000010007500       0x44 CMakeFiles/main.dir/home/dan/raspberry-pi-pico/pico/pico-sdk/lib/tinyusb/src/class/cdc/cdc_device.c.obj
                0x0000000010007500                tud_cdc_n_connected
 .text.tud_cdc_n_available
                0x0000000010007544       0x18 CMakeFiles/main.dir/home/dan/raspberry-pi-pico/pico/pico-sdk/lib/tinyusb/src/class/cdc/cdc_device.c.obj
                0x0000000010007544                tud_cdc_n_available
 .text.tud_cdc_n_read
                0x000000001000755c       0x28 CMakeFiles/main.dir/home/dan/raspberry-pi-pico/pico/pico-sdk/lib/tinyusb/src/class/cdc/cdc_device.c.obj
                0x000000001000755c                tud_cdc_n_read
 .text.tud_cdc_n_write_flush
                0x0000000010007584       0xb8 CMakeFiles/main.dir/home/dan/raspberry-pi-pico/pico/pico-sdk/lib/tinyusb/src/class/cdc/cdc_device.c.obj
                0x0000000010007584                tud_cdc_n_write_flush
 .text.tud_cdc_n_write
                0x000000001000763c       0x38 CMakeFiles/main.dir/home/dan/raspberry-pi-pico/pico/pico-sdk/lib/tinyusb/src/class/cdc/cdc_device.c.obj
                0x000000001000763c                tud_cdc_n_write
 .text.tud_cdc_n_write_available
                0x0000000010007674       0x1c CMakeFiles/main.dir/home/dan/raspberry-pi-pico/pico/pico-sdk/lib/tinyusb/src/class/cdc/cdc_device.c.obj
                0x0000000010007674                tud_cdc_n_write_available
 .text.cdcd_init
                0x0000000010007690       0xbc CMakeFiles/main.dir/home/dan/raspberry-pi-pico/pico/pico-sdk/lib/tinyusb/src/class/cdc/cdc_device.c.obj
                0x0000000010007690                cdcd_init
 .text.cdcd_reset
                0x000000001000774c       0x44 CMakeFiles/main.dir/home/dan/raspberry-pi-pico/pico/pico-sdk/lib/tinyusb/src/class/cdc/cdc_device.c.obj
                0x000000001000774c                cdcd_reset
 .text.cdcd_open
                0x0000000010007790       0xcc CMakeFiles/main.dir/home/dan/raspberry-pi-pico/pico/pico-sdk/lib/tinyusb/src/class/cdc/cdc_device.c.obj
                0x0000000010007790                cdcd_open
 .text.cdcd_control_xfer_cb
                0x000000001000785c      0x134 CMakeFiles/main.dir/home/dan/raspberry-pi-pico/pico/pico-sdk/lib/tinyusb/src/class/cdc/cdc_device.c.obj
                0x000000001000785c                cdcd_control_xfer_cb
 .text.cdcd_xfer_cb
                0x0000000010007990      0x130 CMakeFiles/main.dir/home/dan/raspberry-pi-pico/pico/pico-sdk/lib/tinyusb/src/class/cdc/cdc_device.c.obj
                0x0000000010007990                cdcd_xfer_cb
 .text.tusb_init
                0x0000000010007ac0        0xa CMakeFiles/main.dir/home/dan/raspberry-pi-pico/pico/pico-sdk/lib/tinyusb/src/tusb.c.obj
                0x0000000010007ac0                tusb_init
 .text.tusb_inited
                0x0000000010007aca        0xe CMakeFiles/main.dir/home/dan/raspberry-pi-pico/pico/pico-sdk/lib/tinyusb/src/tusb.c.obj
                0x0000000010007aca                tusb_inited
 .text.tu_edpt_claim
                0x0000000010007ad8       0x50 CMakeFiles/main.dir/home/dan/raspberry-pi-pico/pico/pico-sdk/lib/tinyusb/src/tusb.c.obj
                0x0000000010007ad8                tu_edpt_claim
 .text.tu_edpt_release
                0x0000000010007b28       0x3c CMakeFiles/main.dir/home/dan/raspberry-pi-pico/pico/pico-sdk/lib/tinyusb/src/tusb.c.obj
                0x0000000010007b28                tu_edpt_release
 .text.tu_edpt_validate
                0x0000000010007b64       0x78 CMakeFiles/main.dir/home/dan/raspberry-pi-pico/pico/pico-sdk/lib/tinyusb/src/tusb.c.obj
                0x0000000010007b64                tu_edpt_validate
 .text.tu_edpt_bind_driver
                0x0000000010007bdc       0x26 CMakeFiles/main.dir/home/dan/raspberry-pi-pico/pico/pico-sdk/lib/tinyusb/src/tusb.c.obj
                0x0000000010007bdc                tu_edpt_bind_driver
 .text.advance_index
                0x0000000010007c02       0x1a CMakeFiles/main.dir/home/dan/raspberry-pi-pico/pico/pico-sdk/lib/tinyusb/src/common/tusb_fifo.c.obj
 .text._tu_fifo_peek
                0x0000000010007c1c       0x56 CMakeFiles/main.dir/home/dan/raspberry-pi-pico/pico/pico-sdk/lib/tinyusb/src/common/tusb_fifo.c.obj
 .text._ff_pull_const_addr
                0x0000000010007c72       0x4c CMakeFiles/main.dir/home/dan/raspberry-pi-pico/pico/pico-sdk/lib/tinyusb/src/common/tusb_fifo.c.obj
 .text._ff_pull_n
                0x0000000010007cbe      0x110 CMakeFiles/main.dir/home/dan/raspberry-pi-pico/pico/pico-sdk/lib/tinyusb/src/common/tusb_fifo.c.obj
 .text._tu_fifo_peek_n
                0x0000000010007dce       0x6a CMakeFiles/main.dir/home/dan/raspberry-pi-pico/pico/pico-sdk/lib/tinyusb/src/common/tusb_fifo.c.obj
 .text._tu_fifo_read_n
                0x0000000010007e38       0x4e CMakeFiles/main.dir/home/dan/raspberry-pi-pico/pico/pico-sdk/lib/tinyusb/src/common/tusb_fifo.c.obj
 .text._ff_push_const_addr
                0x0000000010007e86       0x40 CMakeFiles/main.dir/home/dan/raspberry-pi-pico/pico/pico-sdk/lib/tinyusb/src/common/tusb_fifo.c.obj
 .text._ff_push_n
                0x0000000010007ec6      0x10a CMakeFiles/main.dir/home/dan/raspberry-pi-pico/pico/pico-sdk/lib/tinyusb/src/common/tusb_fifo.c.obj
 .text._tu_fifo_write_n
                0x0000000010007fd0       0xf0 CMakeFiles/main.dir/home/dan/raspberry-pi-pico/pico/pico-sdk/lib/tinyusb/src/common/tusb_fifo.c.obj
 .text.tu_fifo_config
                0x00000000100080c0       0x7e CMakeFiles/main.dir/home/dan/raspberry-pi-pico/pico/pico-sdk/lib/tinyusb/src/common/tusb_fifo.c.obj
                0x00000000100080c0                tu_fifo_config
 .text.tu_fifo_count
                0x000000001000813e       0x2a CMakeFiles/main.dir/home/dan/raspberry-pi-pico/pico/pico-sdk/lib/tinyusb/src/common/tusb_fifo.c.obj
                0x000000001000813e                tu_fifo_count
 .text.tu_fifo_empty
                0x0000000010008168        0xe CMakeFiles/main.dir/home/dan/raspberry-pi-pico/pico/pico-sdk/lib/tinyusb/src/common/tusb_fifo.c.obj
                0x0000000010008168                tu_fifo_empty
 .text.tu_fifo_full
                0x0000000010008176       0x28 CMakeFiles/main.dir/home/dan/raspberry-pi-pico/pico/pico-sdk/lib/tinyusb/src/common/tusb_fifo.c.obj
                0x0000000010008176                tu_fifo_full
 .text.tu_fifo_remaining
                0x000000001000819e       0x2c CMakeFiles/main.dir/home/dan/raspberry-pi-pico/pico/pico-sdk/lib/tinyusb/src/common/tusb_fifo.c.obj
                0x000000001000819e                tu_fifo_remaining
 .text.tu_fifo_read
                0x00000000100081ca       0x42 CMakeFiles/main.dir/home/dan/raspberry-pi-pico/pico/pico-sdk/lib/tinyusb/src/common/tusb_fifo.c.obj
                0x00000000100081ca                tu_fifo_read
 .text.tu_fifo_read_n
                0x000000001000820c        0xa CMakeFiles/main.dir/home/dan/raspberry-pi-pico/pico/pico-sdk/lib/tinyusb/src/common/tusb_fifo.c.obj
                0x000000001000820c                tu_fifo_read_n
 .text.tu_fifo_write
                0x0000000010008216       0x64 CMakeFiles/main.dir/home/dan/raspberry-pi-pico/pico/pico-sdk/lib/tinyusb/src/common/tusb_fifo.c.obj
                0x0000000010008216                tu_fifo_write
 .text.tu_fifo_write_n
                0x000000001000827a        0xa CMakeFiles/main.dir/home/dan/raspberry-pi-pico/pico/pico-sdk/lib/tinyusb/src/common/tusb_fifo.c.obj
                0x000000001000827a                tu_fifo_write_n
 .text.tu_fifo_clear
                0x0000000010008284       0x3e CMakeFiles/main.dir/home/dan/raspberry-pi-pico/pico/pico-sdk/lib/tinyusb/src/common/tusb_fifo.c.obj
                0x0000000010008284                tu_fifo_clear
 .text.tu_fifo_set_overwritable
                0x00000000100082c2       0x46 CMakeFiles/main.dir/home/dan/raspberry-pi-pico/pico/pico-sdk/lib/tinyusb/src/common/tusb_fifo.c.obj
                0x00000000100082c2                tu_fifo_set_overwritable
 .text.spi_set_baudrate
                0x0000000010008308       0xce CMakeFiles/main.dir/home/dan/raspberry-pi-pico/pico/pico-sdk/src/rp2_common/hardware_spi/spi.c.obj
                0x0000000010008308                spi_set_baudrate
 *fill*         0x00000000100083d6        0x2 
 .text.spi_init
                0x00000000100083d8       0x74 CMakeFiles/main.dir/home/dan/raspberry-pi-pico/pico/pico-sdk/src/rp2_common/hardware_spi/spi.c.obj
                0x00000000100083d8                spi_init
 .text.i2c_set_baudrate
                0x000000001000844c       0xf0 CMakeFiles/main.dir/home/dan/raspberry-pi-pico/pico/pico-sdk/src/rp2_common/hardware_i2c/i2c.c.obj
                0x000000001000844c                i2c_set_baudrate
 .text.i2c_init
                0x000000001000853c       0x58 CMakeFiles/main.dir/home/dan/raspberry-pi-pico/pico/pico-sdk/src/rp2_common/hardware_i2c/i2c.c.obj
                0x000000001000853c                i2c_init
 .text.LCD_1IN3_Reset
                0x0000000010008594       0x2e LCD/libLCD.a(LCD_1in3.c.obj)
 .text.LCD_1IN3_SendCommand
                0x00000000100085c2       0x24 LCD/libLCD.a(LCD_1in3.c.obj)
 .text.LCD_1IN3_SendData_8Bit
                0x00000000100085e6       0x24 LCD/libLCD.a(LCD_1in3.c.obj)
 *fill*         0x000000001000860a        0x2 
 .text.LCD_1IN3_SetAttributes
                0x000000001000860c       0x30 LCD/libLCD.a(LCD_1in3.c.obj)
 .text.LCD_1IN3_InitReg
                0x000000001000863c      0x160 LCD/libLCD.a(LCD_1in3.c.obj)
 .text.LCD_1IN3_Init
                0x000000001000879c       0x1a LCD/libLCD.a(LCD_1in3.c.obj)
                0x000000001000879c                LCD_1IN3_Init
 .text.LCD_1IN3_SetWindows
                0x00000000100087b6       0x52 LCD/libLCD.a(LCD_1in3.c.obj)
                0x00000000100087b6                LCD_1IN3_SetWindows
 .text.LCD_1IN3_Display
                0x0000000010008808       0x58 LCD/libLCD.a(LCD_1in3.c.obj)
                0x0000000010008808                LCD_1IN3_Display
 .text.DEV_Digital_Write
                0x0000000010008860       0x18 Config/libConfig.a(DEV_Config.c.obj)
                0x0000000010008860                DEV_Digital_Write
 .text.DEV_Digital_Read
                0x0000000010008878        0xe Config/libConfig.a(DEV_Config.c.obj)
                0x0000000010008878                DEV_Digital_Read
 *fill*         0x0000000010008886        0x2 
 .text.DEV_SPI_WriteByte
                0x0000000010008888       0x1c Config/libConfig.a(DEV_Config.c.obj)
                0x0000000010008888                DEV_SPI_WriteByte
 .text.DEV_SPI_Write_nByte
                0x00000000100088a4       0x14 Config/libConfig.a(DEV_Config.c.obj)
                0x00000000100088a4                DEV_SPI_Write_nByte
 .text.DEV_GPIO_Mode
                0x00000000100088b8       0x26 Config/libConfig.a(DEV_Config.c.obj)
                0x00000000100088b8                DEV_GPIO_Mode
 .text.DEV_Delay_ms
                0x00000000100088de        0x8 Config/libConfig.a(DEV_Config.c.obj)
                0x00000000100088de                DEV_Delay_ms
 .text.DEV_GPIO_Init
                0x00000000100088e6       0x4c Config/libConfig.a(DEV_Config.c.obj)
                0x00000000100088e6                DEV_GPIO_Init
 *fill*         0x0000000010008932        0x2 
 .text.DEV_Module_Init
                0x0000000010008934       0xcc Config/libConfig.a(DEV_Config.c.obj)
                0x0000000010008934                DEV_Module_Init
 .text.DEV_SET_PWM
                0x0000000010008a00       0x40 Config/libConfig.a(DEV_Config.c.obj)
                0x0000000010008a00                DEV_SET_PWM
 .text.SET_Infrared_PIN
                0x0000000010008a40       0x20 Infrared/libInfrared.a(Infrared.c.obj)
                0x0000000010008a40                SET_Infrared_PIN
 .text          0x0000000010008a60       0x28 /usr/lib/gcc/arm-none-eabi/9.2.1/../../../arm-none-eabi/lib/thumb/v6-m/nofp/libg.a(lib_a-malloc.o)
                0x0000000010008a60                malloc
                0x0000000010008a74                free
 .text          0x0000000010008a88      0x58c /usr/lib/gcc/arm-none-eabi/9.2.1/../../../arm-none-eabi/lib/thumb/v6-m/nofp/libg.a(lib_a-mallocr.o)
                0x0000000010008a88                _malloc_r
 .text          0x0000000010009014        0x8 /usr/lib/gcc/arm-none-eabi/9.2.1/../../../arm-none-eabi/lib/thumb/v6-m/nofp/libg.a(lib_a-mlock.o)
                0x0000000010009014                __malloc_lock
                0x0000000010009018                __malloc_unlock
 .text          0x000000001000901c       0x24 /usr/lib/gcc/arm-none-eabi/9.2.1/../../../arm-none-eabi/lib/thumb/v6-m/nofp/libg.a(lib_a-sbrkr.o)
                0x000000001000901c                _sbrk_r
 .text          0x0000000010009040       0x68 /usr/lib/gcc/arm-none-eabi/9.2.1/../../../arm-none-eabi/lib/thumb/v6-m/nofp/libg.a(lib_a-strlen-stub.o)
                0x0000000010009040                strlen
 .text          0x00000000100090a8      0x27c /usr/lib/gcc/arm-none-eabi/9.2.1/../../../arm-none-eabi/lib/thumb/v6-m/nofp/libg.a(lib_a-freer.o)
                0x00000000100090a8                _malloc_trim_r
                0x0000000010009148                _free_r
 *(.fini)
 .fini          0x0000000010009324        0x4 /usr/lib/gcc/arm-none-eabi/9.2.1/thumb/v6-m/nofp/crti.o
                0x0000000010009324                _fini
 .fini.__stub   0x0000000010009328       0xf0 linker stubs
 *crtbegin.o(.ctors)
 *crtbegin?.o(.ctors)
 *(EXCLUDE_FILE(*crtend.o *crtend?.o) .ctors)
 *(SORT_BY_NAME(.ctors.*))
 *(.ctors)
 *crtbegin.o(.dtors)
 *crtbegin?.o(.dtors)
 *(EXCLUDE_FILE(*crtend.o *crtend?.o) .dtors)
 *(SORT_BY_NAME(.dtors.*))
 *(.dtors)
 *(.eh_frame*)
 .eh_frame      0x0000000010009418        0x0 /usr/lib/gcc/arm-none-eabi/9.2.1/thumb/v6-m/nofp/crtbegin.o
                0x0000000010009418                . = ALIGN (0x4)

.glue_7         0x0000000010009418        0x0
 .glue_7        0x0000000010009418        0x0 linker stubs

.glue_7t        0x0000000010009418        0x0
 .glue_7t       0x0000000010009418        0x0 linker stubs

.vfp11_veneer   0x0000000010009418        0x0
 .vfp11_veneer  0x0000000010009418        0x0 linker stubs

.v4_bx          0x0000000010009418        0x0
 .v4_bx         0x0000000010009418        0x0 linker stubs

.iplt           0x0000000010009418        0x0
 .iplt          0x0000000010009418        0x0 /usr/lib/gcc/arm-none-eabi/9.2.1/thumb/v6-m/nofp/crtbegin.o

.rodata         0x0000000010009418     0x1700
 *(EXCLUDE_FILE(*libm.a: *libc.a:*lib_a-mem*.o *libgcc.a:) .rodata*)
 .rodata.spin_lock_claim_unused.str1.4
                0x0000000010009418       0x1b CMakeFiles/main.dir/home/dan/raspberry-pi-pico/pico/pico-sdk/src/rp2_common/hardware_sync/sync.c.obj
 *fill*         0x0000000010009433        0x1 
 .rodata.make_branch.str1.4
                0x0000000010009434       0x7c CMakeFiles/main.dir/home/dan/raspberry-pi-pico/pico/pico-sdk/src/rp2_common/hardware_irq/irq.c.obj
 .rodata.insert_branch_and_link.str1.4
                0x00000000100094b0       0x10 CMakeFiles/main.dir/home/dan/raspberry-pi-pico/pico/pico-sdk/src/rp2_common/hardware_irq/irq.c.obj
 .rodata.irq_set_exclusive_handler.str1.4
                0x00000000100094c0       0x36 CMakeFiles/main.dir/home/dan/raspberry-pi-pico/pico/pico-sdk/src/rp2_common/hardware_irq/irq.c.obj
 *fill*         0x00000000100094f6        0x2 
 .rodata.irq_add_shared_handler.str1.4
                0x00000000100094f8       0xd9 CMakeFiles/main.dir/home/dan/raspberry-pi-pico/pico/pico-sdk/src/rp2_common/hardware_irq/irq.c.obj
 *fill*         0x00000000100095d1        0x3 
 .rodata.irq_remove_handler.str1.4
                0x00000000100095d4       0x3a CMakeFiles/main.dir/home/dan/raspberry-pi-pico/pico/pico-sdk/src/rp2_common/hardware_irq/irq.c.obj
 *fill*         0x000000001000960e        0x2 
 .rodata.irq_add_tail_to_free_list.str1.4
                0x0000000010009610       0x3a CMakeFiles/main.dir/home/dan/raspberry-pi-pico/pico/pico-sdk/src/rp2_common/hardware_irq/irq.c.obj
 *fill*         0x000000001000964a        0x2 
 .rodata.user_irq_claim_unused.str1.4
                0x000000001000964c       0x1b CMakeFiles/main.dir/home/dan/raspberry-pi-pico/pico/pico-sdk/src/rp2_common/hardware_irq/irq.c.obj
 *fill*         0x0000000010009667        0x1 
 .rodata.__func__.4809
                0x0000000010009668       0x1a CMakeFiles/main.dir/home/dan/raspberry-pi-pico/pico/pico-sdk/src/rp2_common/hardware_irq/irq.c.obj
 *fill*         0x0000000010009682        0x2 
 .rodata.__func__.4823
                0x0000000010009684        0xc CMakeFiles/main.dir/home/dan/raspberry-pi-pico/pico/pico-sdk/src/rp2_common/hardware_irq/irq.c.obj
 .rodata.__func__.4831
                0x0000000010009690       0x17 CMakeFiles/main.dir/home/dan/raspberry-pi-pico/pico/pico-sdk/src/rp2_common/hardware_irq/irq.c.obj
 *fill*         0x00000000100096a7        0x1 
 .rodata.__func__.4835
                0x00000000100096a8        0xf CMakeFiles/main.dir/home/dan/raspberry-pi-pico/pico/pico-sdk/src/rp2_common/hardware_irq/irq.c.obj
 *fill*         0x00000000100096b7        0x1 
 .rodata.__func__.4852
                0x00000000100096b8       0x17 CMakeFiles/main.dir/home/dan/raspberry-pi-pico/pico/pico-sdk/src/rp2_common/hardware_irq/irq.c.obj
 *fill*         0x00000000100096cf        0x1 
 .rodata.__func__.4874
                0x00000000100096d0       0x13 CMakeFiles/main.dir/home/dan/raspberry-pi-pico/pico/pico-sdk/src/rp2_common/hardware_irq/irq.c.obj
 *fill*         0x00000000100096e3        0x1 
 .rodata.__func__.4896
                0x00000000100096e4       0x1a CMakeFiles/main.dir/home/dan/raspberry-pi-pico/pico/pico-sdk/src/rp2_common/hardware_irq/irq.c.obj
 *fill*         0x00000000100096fe        0x2 
 .rodata.str1.4
                0x0000000010009700      0x109 CMakeFiles/main.dir/home/dan/raspberry-pi-pico/pico/pico-sdk/src/common/pico_sync/mutex.c.obj
 *fill*         0x0000000010009809        0x3 
 .rodata.__func__.4193
                0x000000001000980c       0x15 CMakeFiles/main.dir/home/dan/raspberry-pi-pico/pico/pico-sdk/src/common/pico_sync/mutex.c.obj
 *fill*         0x0000000010009821        0x3 
 .rodata.__func__.4724
                0x0000000010009824       0x18 CMakeFiles/main.dir/home/dan/raspberry-pi-pico/pico/pico-sdk/src/common/pico_sync/mutex.c.obj
 .rodata.__func__.4743
                0x000000001000983c        0xb CMakeFiles/main.dir/home/dan/raspberry-pi-pico/pico/pico-sdk/src/common/pico_sync/mutex.c.obj
 *fill*         0x0000000010009847        0x1 
 .rodata.repeating_timer_callback.str1.4
                0x0000000010009848       0x5a CMakeFiles/main.dir/home/dan/raspberry-pi-pico/pico/pico-sdk/src/common/pico_time/time.c.obj
 *fill*         0x00000000100098a2        0x2 
 .rodata.timer_pool_entry_comparator.str1.4
                0x00000000100098a4       0x22 CMakeFiles/main.dir/home/dan/raspberry-pi-pico/pico/pico-sdk/src/common/pico_time/time.c.obj
 *fill*         0x00000000100098c6        0x2 
 .rodata.ph_add_child_node.str1.4
                0x00000000100098c8       0xa6 CMakeFiles/main.dir/home/dan/raspberry-pi-pico/pico/pico-sdk/src/common/pico_time/time.c.obj
 *fill*         0x000000001000996e        0x2 
 .rodata.add_alarm_under_lock.str1.4
                0x0000000010009970       0x28 CMakeFiles/main.dir/home/dan/raspberry-pi-pico/pico/pico-sdk/src/common/pico_time/time.c.obj
                                         0x2b (size before relaxing)
 .rodata.alarm_pool_alarm_callback.str1.4
                0x0000000010009998       0x98 CMakeFiles/main.dir/home/dan/raspberry-pi-pico/pico/pico-sdk/src/common/pico_time/time.c.obj
                                        0x108 (size before relaxing)
 .rodata.alarm_pool_get_default.str1.4
                0x0000000010009a30       0x21 CMakeFiles/main.dir/home/dan/raspberry-pi-pico/pico/pico-sdk/src/common/pico_time/time.c.obj
 *fill*         0x0000000010009a51        0x3 
 .rodata.alarm_pool_cancel_alarm.str1.4
                0x0000000010009a54       0x27 CMakeFiles/main.dir/home/dan/raspberry-pi-pico/pico/pico-sdk/src/common/pico_time/time.c.obj
 *fill*         0x0000000010009a7b        0x1 
 .rodata.sleep_until.str1.4
                0x0000000010009a7c       0x4d CMakeFiles/main.dir/home/dan/raspberry-pi-pico/pico/pico-sdk/src/common/pico_time/time.c.obj
 *fill*         0x0000000010009ac9        0x3 
 .rodata.__func__.5701
                0x0000000010009acc       0x15 CMakeFiles/main.dir/home/dan/raspberry-pi-pico/pico/pico-sdk/src/common/pico_time/time.c.obj
 *fill*         0x0000000010009ae1        0x3 
 .rodata.__func__.6045
                0x0000000010009ae4        0xc CMakeFiles/main.dir/home/dan/raspberry-pi-pico/pico/pico-sdk/src/common/pico_time/time.c.obj
 .rodata.__func__.6052
                0x0000000010009af0       0x12 CMakeFiles/main.dir/home/dan/raspberry-pi-pico/pico/pico-sdk/src/common/pico_time/time.c.obj
 *fill*         0x0000000010009b02        0x2 
 .rodata.__func__.6068
                0x0000000010009b04        0xf CMakeFiles/main.dir/home/dan/raspberry-pi-pico/pico/pico-sdk/src/common/pico_time/time.c.obj
 *fill*         0x0000000010009b13        0x1 
 .rodata.__func__.6090
                0x0000000010009b14        0xd CMakeFiles/main.dir/home/dan/raspberry-pi-pico/pico/pico-sdk/src/common/pico_time/time.c.obj
 *fill*         0x0000000010009b21        0x3 
 .rodata.__func__.6319
                0x0000000010009b24        0xa CMakeFiles/main.dir/home/dan/raspberry-pi-pico/pico/pico-sdk/src/common/pico_time/time.c.obj
 *fill*         0x0000000010009b2e        0x2 
 .rodata.__func__.6324
                0x0000000010009b30       0x12 CMakeFiles/main.dir/home/dan/raspberry-pi-pico/pico/pico-sdk/src/common/pico_time/time.c.obj
 *fill*         0x0000000010009b42        0x2 
 .rodata.__func__.6339
                0x0000000010009b44       0x17 CMakeFiles/main.dir/home/dan/raspberry-pi-pico/pico/pico-sdk/src/common/pico_time/time.c.obj
 *fill*         0x0000000010009b5b        0x1 
 .rodata.__func__.6350
                0x0000000010009b5c       0x15 CMakeFiles/main.dir/home/dan/raspberry-pi-pico/pico/pico-sdk/src/common/pico_time/time.c.obj
 *fill*         0x0000000010009b71        0x3 
 .rodata.__func__.6367
                0x0000000010009b74       0x1a CMakeFiles/main.dir/home/dan/raspberry-pi-pico/pico/pico-sdk/src/common/pico_time/time.c.obj
 *fill*         0x0000000010009b8e        0x2 
 .rodata.__func__.6420
                0x0000000010009b90       0x18 CMakeFiles/main.dir/home/dan/raspberry-pi-pico/pico/pico-sdk/src/common/pico_time/time.c.obj
 .rodata.hardware_alarm_claim.str1.4
                0x0000000010009ba8       0x22 CMakeFiles/main.dir/home/dan/raspberry-pi-pico/pico/pico-sdk/src/rp2_common/hardware_timer/timer.c.obj
 *fill*         0x0000000010009bca        0x2 
 .rodata.hardware_alarm_set_target.str1.4
                0x0000000010009bcc       0x74 CMakeFiles/main.dir/home/dan/raspberry-pi-pico/pico/pico-sdk/src/rp2_common/hardware_timer/timer.c.obj
 .rodata.__func__.4590
                0x0000000010009c40       0x1a CMakeFiles/main.dir/home/dan/raspberry-pi-pico/pico/pico-sdk/src/rp2_common/hardware_timer/timer.c.obj
 .rodata.ph_add_child_node.str1.4
                0x0000000010009c5a       0xa6 CMakeFiles/main.dir/home/dan/raspberry-pi-pico/pico/pico-sdk/src/common/pico_util/pheap.c.obj
 *fill*         0x0000000010009c5a        0x2 
 .rodata.ph_remove_any_head.str1.4
                0x0000000010009c5c       0x9c CMakeFiles/main.dir/home/dan/raspberry-pi-pico/pico/pico-sdk/src/common/pico_util/pheap.c.obj
                                         0xb0 (size before relaxing)
 .rodata.ph_remove_and_free_node.str1.4
                0x0000000010009cf8       0x1e CMakeFiles/main.dir/home/dan/raspberry-pi-pico/pico/pico-sdk/src/common/pico_util/pheap.c.obj
                                         0x26 (size before relaxing)
 *fill*         0x0000000010009d16        0x2 
 .rodata.__func__.5726
                0x0000000010009d18        0xc CMakeFiles/main.dir/home/dan/raspberry-pi-pico/pico/pico-sdk/src/common/pico_util/pheap.c.obj
 .rodata.__func__.5733
                0x0000000010009d24       0x12 CMakeFiles/main.dir/home/dan/raspberry-pi-pico/pico/pico-sdk/src/common/pico_util/pheap.c.obj
 *fill*         0x0000000010009d36        0x2 
 .rodata.__func__.5819
                0x0000000010009d38       0x13 CMakeFiles/main.dir/home/dan/raspberry-pi-pico/pico/pico-sdk/src/common/pico_util/pheap.c.obj
 *fill*         0x0000000010009d4b        0x1 
 .rodata.__func__.5837
                0x0000000010009d4c       0x18 CMakeFiles/main.dir/home/dan/raspberry-pi-pico/pico/pico-sdk/src/common/pico_util/pheap.c.obj
 .rodata.clock_configure.str1.4
                0x0000000010009d64       0x66 CMakeFiles/main.dir/home/dan/raspberry-pi-pico/pico/pico-sdk/src/rp2_common/hardware_clocks/clocks.c.obj
 *fill*         0x0000000010009dca        0x2 
 .rodata.__func__.4776
                0x0000000010009dcc       0x10 CMakeFiles/main.dir/home/dan/raspberry-pi-pico/pico/pico-sdk/src/rp2_common/hardware_clocks/clocks.c.obj
 .rodata.pll_init.str1.4
                0x0000000010009ddc      0x130 CMakeFiles/main.dir/home/dan/raspberry-pi-pico/pico/pico-sdk/src/rp2_common/hardware_pll/pll.c.obj
 .rodata.__func__.4433
                0x0000000010009f0c        0x9 CMakeFiles/main.dir/home/dan/raspberry-pi-pico/pico/pico-sdk/src/rp2_common/hardware_pll/pll.c.obj
 *fill*         0x0000000010009f15        0x3 
 .rodata.__assert_func.str1.4
                0x0000000010009f18       0x3f CMakeFiles/main.dir/home/dan/raspberry-pi-pico/pico/pico-sdk/src/rp2_common/pico_runtime/runtime.c.obj
                                         0x43 (size before relaxing)
 *fill*         0x0000000010009f57        0x1 
 .rodata.runtime_init.str1.4
                0x0000000010009f58       0x70 CMakeFiles/main.dir/home/dan/raspberry-pi-pico/pico/pico-sdk/src/rp2_common/pico_runtime/runtime.c.obj
 .rodata.panic.str1.4
                0x0000000010009fc8       0x12 CMakeFiles/main.dir/home/dan/raspberry-pi-pico/pico/pico-sdk/src/rp2_common/pico_runtime/runtime.c.obj
 *fill*         0x0000000010009fda        0x2 
 .rodata.__func__.6387
                0x0000000010009fdc        0xd CMakeFiles/main.dir/home/dan/raspberry-pi-pico/pico/pico-sdk/src/rp2_common/pico_runtime/runtime.c.obj
 *fill*         0x0000000010009fe9        0x3 
 .rodata._ftoa.str1.4
                0x0000000010009fec       0x15 CMakeFiles/main.dir/home/dan/raspberry-pi-pico/pico/pico-sdk/src/rp2_common/pico_printf/printf.c.obj
 *fill*         0x000000001000a001        0x3 
 .rodata._vsnprintf
                0x000000001000a004      0x1e0 CMakeFiles/main.dir/home/dan/raspberry-pi-pico/pico/pico-sdk/src/rp2_common/pico_printf/printf.c.obj
 *fill*         0x000000001000a1e4        0x4 
 .rodata.pow10.5431
                0x000000001000a1e8       0x50 CMakeFiles/main.dir/home/dan/raspberry-pi-pico/pico/pico-sdk/src/rp2_common/pico_printf/printf.c.obj
 .rodata.__aeabi_double_init.str1.4
                0x000000001000a238       0xab CMakeFiles/main.dir/home/dan/raspberry-pi-pico/pico/pico-sdk/src/rp2_common/pico_double/double_init_rom.c.obj
 *fill*         0x000000001000a2e3        0x1 
 .rodata.__func__.4737
                0x000000001000a2e4       0x14 CMakeFiles/main.dir/home/dan/raspberry-pi-pico/pico/pico-sdk/src/rp2_common/pico_double/double_init_rom.c.obj
 .rodata.__aeabi_float_init.str1.4
                0x000000001000a2f8       0x89 CMakeFiles/main.dir/home/dan/raspberry-pi-pico/pico/pico-sdk/src/rp2_common/pico_float/float_init_rom.c.obj
                                         0x8d (size before relaxing)
 *fill*         0x000000001000a381        0x3 
 .rodata.__func__.4738
                0x000000001000a384       0x13 CMakeFiles/main.dir/home/dan/raspberry-pi-pico/pico/pico-sdk/src/rp2_common/pico_float/float_init_rom.c.obj
 *fill*         0x000000001000a397        0x1 
 .rodata.__wrap_malloc.str1.4
                0x000000001000a398        0xe CMakeFiles/main.dir/home/dan/raspberry-pi-pico/pico/pico-sdk/src/rp2_common/pico_malloc/pico_malloc.c.obj
 *fill*         0x000000001000a3a6        0x2 
 .rodata.str1.4
                0x000000001000a3a8       0x3c CMakeFiles/main.dir/home/dan/raspberry-pi-pico/pico/pico-sdk/src/rp2_common/pico_standard_link/binary_info.c.obj
 .rodata.__bi_44
                0x000000001000a3e4        0xc CMakeFiles/main.dir/home/dan/raspberry-pi-pico/pico/pico-sdk/src/rp2_common/pico_standard_link/binary_info.c.obj
 .rodata.__bi_75
                0x000000001000a3f0        0xc CMakeFiles/main.dir/home/dan/raspberry-pi-pico/pico/pico-sdk/src/rp2_common/pico_standard_link/binary_info.c.obj
 .rodata.__bi_81
                0x000000001000a3fc        0xc CMakeFiles/main.dir/home/dan/raspberry-pi-pico/pico/pico-sdk/src/rp2_common/pico_standard_link/binary_info.c.obj
 .rodata.stdout_serialize_begin.str1.4
                0x000000001000a408       0x70 CMakeFiles/main.dir/home/dan/raspberry-pi-pico/pico/pico-sdk/src/rp2_common/pico_stdio/stdio.c.obj
 .rodata.__func__.5563
                0x000000001000a408       0x15 CMakeFiles/main.dir/home/dan/raspberry-pi-pico/pico/pico-sdk/src/rp2_common/pico_stdio/stdio.c.obj
 *fill*         0x000000001000a41d        0x3 
 .rodata.crlf_str.6084
                0x000000001000a420        0x2 CMakeFiles/main.dir/home/dan/raspberry-pi-pico/pico/pico-sdk/src/rp2_common/pico_stdio/stdio.c.obj
 *fill*         0x000000001000a422        0x2 
 .rodata._resetd_driver
                0x000000001000a424       0x18 CMakeFiles/main.dir/home/dan/raspberry-pi-pico/pico/pico-sdk/src/rp2_common/pico_stdio_usb/reset_interface.c.obj
 .rodata.low_priority_worker_irq.str1.4
                0x000000001000a43c       0x70 CMakeFiles/main.dir/home/dan/raspberry-pi-pico/pico/pico-sdk/src/rp2_common/pico_stdio_usb/stdio_usb.c.obj
 .rodata.stdio_usb_init.str1.4
                0x000000001000a43c       0x54 CMakeFiles/main.dir/home/dan/raspberry-pi-pico/pico/pico-sdk/src/rp2_common/pico_stdio_usb/stdio_usb.c.obj
                                         0x5c (size before relaxing)
 .rodata.str1.4
                0x000000001000a490       0x13 CMakeFiles/main.dir/home/dan/raspberry-pi-pico/pico/pico-sdk/src/rp2_common/pico_stdio_usb/stdio_usb.c.obj
 *fill*         0x000000001000a4a3        0x1 
 .rodata.__bi_182.7662
                0x000000001000a4a4        0xc CMakeFiles/main.dir/home/dan/raspberry-pi-pico/pico/pico-sdk/src/rp2_common/pico_stdio_usb/stdio_usb.c.obj
 .rodata.__func__.5424
                0x000000001000a4b0       0x15 CMakeFiles/main.dir/home/dan/raspberry-pi-pico/pico/pico-sdk/src/rp2_common/pico_stdio_usb/stdio_usb.c.obj
 *fill*         0x000000001000a4c5        0x3 
 .rodata.__func__.7660
                0x000000001000a4c8        0xf CMakeFiles/main.dir/home/dan/raspberry-pi-pico/pico/pico-sdk/src/rp2_common/pico_stdio_usb/stdio_usb.c.obj
 *fill*         0x000000001000a4d7        0x1 
 .rodata.str1.4
                0x000000001000a4d8       0x2a CMakeFiles/main.dir/home/dan/raspberry-pi-pico/pico/pico-sdk/src/rp2_common/pico_stdio_usb/stdio_usb_descriptors.c.obj
 *fill*         0x000000001000a502        0x2 
 .rodata.usbd_desc_cfg
                0x000000001000a504       0x54 CMakeFiles/main.dir/home/dan/raspberry-pi-pico/pico/pico-sdk/src/rp2_common/pico_stdio_usb/stdio_usb_descriptors.c.obj
 .rodata.usbd_desc_device
                0x000000001000a558       0x12 CMakeFiles/main.dir/home/dan/raspberry-pi-pico/pico/pico-sdk/src/rp2_common/pico_stdio_usb/stdio_usb_descriptors.c.obj
 *fill*         0x000000001000a56a        0x2 
 .rodata.usbd_desc_str
                0x000000001000a56c       0x18 CMakeFiles/main.dir/home/dan/raspberry-pi-pico/pico/pico-sdk/src/rp2_common/pico_stdio_usb/stdio_usb_descriptors.c.obj
 .rodata.pico_get_unique_board_id_string.str1.4
                0x000000001000a584       0x5c CMakeFiles/main.dir/home/dan/raspberry-pi-pico/pico/pico-sdk/src/rp2_common/pico_unique_id/unique_id.c.obj
 .rodata.__func__.4305
                0x000000001000a5e0       0x20 CMakeFiles/main.dir/home/dan/raspberry-pi-pico/pico/pico-sdk/src/rp2_common/pico_unique_id/unique_id.c.obj
 .rodata.str1.4
                0x000000001000a600      0x166 CMakeFiles/main.dir/home/dan/raspberry-pi-pico/pico/pico-sdk/src/rp2_common/hardware_flash/flash.c.obj
 *fill*         0x000000001000a766        0x2 
 .rodata.__func__.4479
                0x000000001000a768        0xd CMakeFiles/main.dir/home/dan/raspberry-pi-pico/pico/pico-sdk/src/rp2_common/hardware_flash/flash.c.obj